19:26:59 **** Incremental Build of configuration Debug for project testingADCv2 ****
make -j12 all 
arm-none-eabi-gcc "../Core/Src/main.c" -mcpu=cortex-m4 -std=gnu11 -g3 -DDEBUG -DUSE_HAL_DRIVER -DSTM32F411xE -c -I../Core/Inc -I../Drivers/STM32F4xx_HAL_Driver/Inc -I../Drivers/STM32F4xx_HAL_Driver/Inc/Legacy -I../Drivers/CMSIS/Device/ST/STM32F4xx/Include -I../Drivers/CMSIS/Include -I../USB_DEVICE/App -I../USB_DEVICE/Target -I../Middlewares/ST/STM32_USB_Device_Library/Core/Inc -I../Middlewares/ST/STM32_USB_Device_Library/Class/CDC/Inc -I"C:/Users/juanz/STM32CubeIDE/workspace_1.18.1/testingADCv2/Core/Startup" -O0 -ffunction-sections -fdata-sections -Wall -fstack-usage -fcyclomatic-complexity -MMD -MP -MF"Core/Src/main.d" -MT"Core/Src/main.o" --specs=nano.specs -mfpu=fpv4-sp-d16 -mfloat-abi=hard -mthumb -o "Core/Src/main.o"
arm-none-eabi-gcc -o "testingADCv2.elf" @"objects.list"   -mcpu=cortex-m4 -T"C:\Users\juanz\STM32CubeIDE\workspace_1.18.1\testingADCv2\STM32F411CEUX_FLASH.ld" --specs=nosys.specs -Wl,-Map="testingADCv2.map" -Wl,--gc-sections -static --specs=nano.specs -mfpu=fpv4-sp-d16 -mfloat-abi=hard -mthumb -Wl,--start-group -lc -lm -Wl,--end-group
Finished building target: testingADCv2.elf
 
arm-none-eabi-size  testingADCv2.elf 
arm-none-eabi-objdump -h -S testingADCv2.elf  > "testingADCv2.list"
arm-none-eabi-objcopy  -O ihex testingADCv2.elf  "testingADCv2.hex"
   text	   data	    bss	    dec	    hex	filename
  57692	    264	   8168	  66124	  1024c	testingADCv2.elf
arm-none-eabi-objcopy  -O binary testingADCv2.elf  "testingADCv2.bin"
Finished building: default.size.stdout
 
Finished building: testingADCv2.hex
Finished building: testingADCv2.bin
 
 
Finished building: testingADCv2.list
 
