Archive member included to satisfy reference by file (symbol)

C:/ST/STM32CubeIDE_1.18.1/STM32CubeIDE/plugins/com.st.stm32cube.ide.mcu.externaltools.gnu-tools-for-stm32.13.3.rel1.win32_1.0.0.202411081344/tools/bin/../lib/gcc/arm-none-eabi/13.3.1/../../../../arm-none-eabi/lib/thumb/v7e-m+fp/hard\libc_nano.a(libc_a-exit.o)
                              C:/ST/STM32CubeIDE_1.18.1/STM32CubeIDE/plugins/com.st.stm32cube.ide.mcu.externaltools.gnu-tools-for-stm32.13.3.rel1.win32_1.0.0.202411081344/tools/bin/../lib/gcc/arm-none-eabi/13.3.1/../../../../arm-none-eabi/lib/thumb/v7e-m+fp/hard/crt0.o (exit)
C:/ST/STM32CubeIDE_1.18.1/STM32CubeIDE/plugins/com.st.stm32cube.ide.mcu.externaltools.gnu-tools-for-stm32.13.3.rel1.win32_1.0.0.202411081344/tools/bin/../lib/gcc/arm-none-eabi/13.3.1/../../../../arm-none-eabi/lib/thumb/v7e-m+fp/hard\libc_nano.a(libc_a-findfp.o)
                              C:/ST/STM32CubeIDE_1.18.1/STM32CubeIDE/plugins/com.st.stm32cube.ide.mcu.externaltools.gnu-tools-for-stm32.13.3.rel1.win32_1.0.0.202411081344/tools/bin/../lib/gcc/arm-none-eabi/13.3.1/../../../../arm-none-eabi/lib/thumb/v7e-m+fp/hard\libc_nano.a(libc_a-exit.o) (__stdio_exit_handler)
C:/ST/STM32CubeIDE_1.18.1/STM32CubeIDE/plugins/com.st.stm32cube.ide.mcu.externaltools.gnu-tools-for-stm32.13.3.rel1.win32_1.0.0.202411081344/tools/bin/../lib/gcc/arm-none-eabi/13.3.1/../../../../arm-none-eabi/lib/thumb/v7e-m+fp/hard\libc_nano.a(libc_a-fwalk.o)
                              C:/ST/STM32CubeIDE_1.18.1/STM32CubeIDE/plugins/com.st.stm32cube.ide.mcu.externaltools.gnu-tools-for-stm32.13.3.rel1.win32_1.0.0.202411081344/tools/bin/../lib/gcc/arm-none-eabi/13.3.1/../../../../arm-none-eabi/lib/thumb/v7e-m+fp/hard\libc_nano.a(libc_a-findfp.o) (_fwalk_sglue)
C:/ST/STM32CubeIDE_1.18.1/STM32CubeIDE/plugins/com.st.stm32cube.ide.mcu.externaltools.gnu-tools-for-stm32.13.3.rel1.win32_1.0.0.202411081344/tools/bin/../lib/gcc/arm-none-eabi/13.3.1/../../../../arm-none-eabi/lib/thumb/v7e-m+fp/hard\libc_nano.a(libc_a-stdio.o)
                              C:/ST/STM32CubeIDE_1.18.1/STM32CubeIDE/plugins/com.st.stm32cube.ide.mcu.externaltools.gnu-tools-for-stm32.13.3.rel1.win32_1.0.0.202411081344/tools/bin/../lib/gcc/arm-none-eabi/13.3.1/../../../../arm-none-eabi/lib/thumb/v7e-m+fp/hard\libc_nano.a(libc_a-findfp.o) (__sread)
C:/ST/STM32CubeIDE_1.18.1/STM32CubeIDE/plugins/com.st.stm32cube.ide.mcu.externaltools.gnu-tools-for-stm32.13.3.rel1.win32_1.0.0.202411081344/tools/bin/../lib/gcc/arm-none-eabi/13.3.1/../../../../arm-none-eabi/lib/thumb/v7e-m+fp/hard\libc_nano.a(libc_a-memset.o)
                              C:/ST/STM32CubeIDE_1.18.1/STM32CubeIDE/plugins/com.st.stm32cube.ide.mcu.externaltools.gnu-tools-for-stm32.13.3.rel1.win32_1.0.0.202411081344/tools/bin/../lib/gcc/arm-none-eabi/13.3.1/../../../../arm-none-eabi/lib/thumb/v7e-m+fp/hard/crt0.o (memset)
C:/ST/STM32CubeIDE_1.18.1/STM32CubeIDE/plugins/com.st.stm32cube.ide.mcu.externaltools.gnu-tools-for-stm32.13.3.rel1.win32_1.0.0.202411081344/tools/bin/../lib/gcc/arm-none-eabi/13.3.1/../../../../arm-none-eabi/lib/thumb/v7e-m+fp/hard\libc_nano.a(libc_a-closer.o)
                              C:/ST/STM32CubeIDE_1.18.1/STM32CubeIDE/plugins/com.st.stm32cube.ide.mcu.externaltools.gnu-tools-for-stm32.13.3.rel1.win32_1.0.0.202411081344/tools/bin/../lib/gcc/arm-none-eabi/13.3.1/../../../../arm-none-eabi/lib/thumb/v7e-m+fp/hard\libc_nano.a(libc_a-stdio.o) (_close_r)
C:/ST/STM32CubeIDE_1.18.1/STM32CubeIDE/plugins/com.st.stm32cube.ide.mcu.externaltools.gnu-tools-for-stm32.13.3.rel1.win32_1.0.0.202411081344/tools/bin/../lib/gcc/arm-none-eabi/13.3.1/../../../../arm-none-eabi/lib/thumb/v7e-m+fp/hard\libc_nano.a(libc_a-reent.o)
                              C:/ST/STM32CubeIDE_1.18.1/STM32CubeIDE/plugins/com.st.stm32cube.ide.mcu.externaltools.gnu-tools-for-stm32.13.3.rel1.win32_1.0.0.202411081344/tools/bin/../lib/gcc/arm-none-eabi/13.3.1/../../../../arm-none-eabi/lib/thumb/v7e-m+fp/hard\libc_nano.a(libc_a-closer.o) (errno)
C:/ST/STM32CubeIDE_1.18.1/STM32CubeIDE/plugins/com.st.stm32cube.ide.mcu.externaltools.gnu-tools-for-stm32.13.3.rel1.win32_1.0.0.202411081344/tools/bin/../lib/gcc/arm-none-eabi/13.3.1/../../../../arm-none-eabi/lib/thumb/v7e-m+fp/hard\libc_nano.a(libc_a-impure.o)
                              C:/ST/STM32CubeIDE_1.18.1/STM32CubeIDE/plugins/com.st.stm32cube.ide.mcu.externaltools.gnu-tools-for-stm32.13.3.rel1.win32_1.0.0.202411081344/tools/bin/../lib/gcc/arm-none-eabi/13.3.1/../../../../arm-none-eabi/lib/thumb/v7e-m+fp/hard\libc_nano.a(libc_a-reent.o) (_impure_ptr)
C:/ST/STM32CubeIDE_1.18.1/STM32CubeIDE/plugins/com.st.stm32cube.ide.mcu.externaltools.gnu-tools-for-stm32.13.3.rel1.win32_1.0.0.202411081344/tools/bin/../lib/gcc/arm-none-eabi/13.3.1/../../../../arm-none-eabi/lib/thumb/v7e-m+fp/hard\libc_nano.a(libc_a-lseekr.o)
[...]
Memory Configuration

Name             Origin             Length             Attributes
RAM              0x20000000         0x00020000         xrw
FLASH            0x08000000         0x00080000         xr
*default*        0x00000000         0xffffffff

Linker script and memory map

LOAD C:/ST/STM32CubeIDE_1.18.1/STM32CubeIDE/plugins/com.st.stm32cube.ide.mcu.externaltools.gnu-tools-for-stm32.13.3.rel1.win32_1.0.0.202411081344/tools/bin/../lib/gcc/arm-none-eabi/13.3.1/thumb/v7e-m+fp/hard/crti.o
LOAD C:/ST/STM32CubeIDE_1.18.1/STM32CubeIDE/plugins/com.st.stm32cube.ide.mcu.externaltools.gnu-tools-for-stm32.13.3.rel1.win32_1.0.0.202411081344/tools/bin/../lib/gcc/arm-none-eabi/13.3.1/thumb/v7e-m+fp/hard/crtbegin.o
LOAD C:/ST/STM32CubeIDE_1.18.1/STM32CubeIDE/plugins/com.st.stm32cube.ide.mcu.externaltools.gnu-tools-for-stm32.13.3.rel1.win32_1.0.0.202411081344/tools/bin/../lib/gcc/arm-none-eabi/13.3.1/../../../../arm-none-eabi/lib/thumb/v7e-m+fp/hard/crt0.o
LOAD ./Core/Src/main.o
LOAD ./Core/Src/motores.o
LOAD ./Core/Src/mpu6050.o
LOAD ./Core/Src/ssd1306_oled.o
LOAD ./Core/Src/stm32f4xx_hal_msp.o
LOAD ./Core/Src/stm32f4xx_it.o
LOAD ./Core/Src/syscalls.o
LOAD ./Core/Src/sysmem.o
LOAD ./Core/Src/system_stm32f4xx.o
LOAD ./Core/Startup/startup_stm32f411ceux.o
LOAD ./Drivers/STM32F4xx_HAL_Driver/Src/stm32f4xx_hal.o
LOAD ./Drivers/STM32F4xx_HAL_Driver/Src/stm32f4xx_hal_adc.o
LOAD ./Drivers/STM32F4xx_HAL_Driver/Src/stm32f4xx_hal_adc_ex.o
LOAD ./Drivers/STM32F4xx_HAL_Driver/Src/stm32f4xx_hal_cortex.o
LOAD ./Drivers/STM32F4xx_HAL_Driver/Src/stm32f4xx_hal_dma.o
LOAD ./Drivers/STM32F4xx_HAL_Driver/Src/stm32f4xx_hal_dma_ex.o
LOAD ./Drivers/STM32F4xx_HAL_Driver/Src/stm32f4xx_hal_exti.o
LOAD ./Drivers/STM32F4xx_HAL_Driver/Src/stm32f4xx_hal_flash.o
LOAD ./Drivers/STM32F4xx_HAL_Driver/Src/stm32f4xx_hal_flash_ex.o
LOAD ./Drivers/STM32F4xx_HAL_Driver/Src/stm32f4xx_hal_flash_ramfunc.o
LOAD ./Drivers/STM32F4xx_HAL_Driver/Src/stm32f4xx_hal_gpio.o
LOAD ./Drivers/STM32F4xx_HAL_Driver/Src/stm32f4xx_hal_i2c.o
LOAD ./Drivers/STM32F4xx_HAL_Driver/Src/stm32f4xx_hal_i2c_ex.o
LOAD ./Drivers/STM32F4xx_HAL_Driver/Src/stm32f4xx_hal_pcd.o
LOAD ./Drivers/STM32F4xx_HAL_Driver/Src/stm32f4xx_hal_pcd_ex.o
LOAD ./Drivers/STM32F4xx_HAL_Driver/Src/stm32f4xx_hal_pwr.o
LOAD ./Drivers/STM32F4xx_HAL_Driver/Src/stm32f4xx_hal_pwr_ex.o
LOAD ./Drivers/STM32F4xx_HAL_Driver/Src/stm32f4xx_hal_rcc.o
LOAD ./Drivers/STM32F4xx_HAL_Driver/Src/stm32f4xx_hal_rcc_ex.o
LOAD ./Drivers/STM32F4xx_HAL_Driver/Src/stm32f4xx_hal_tim.o
LOAD ./Drivers/STM32F4xx_HAL_Driver/Src/stm32f4xx_hal_tim_ex.o
LOAD ./Drivers/STM32F4xx_HAL_Driver/Src/stm32f4xx_ll_adc.o
LOAD ./Drivers/STM32F4xx_HAL_Driver/Src/stm32f4xx_ll_usb.o
LOAD ./Middlewares/ST/STM32_USB_Device_Library/Class/CDC/Src/usbd_cdc.o
LOAD ./Middlewares/ST/STM32_USB_Device_Library/Core/Src/usbd_core.o
LOAD ./Middlewares/ST/STM32_USB_Device_Library/Core/Src/usbd_ctlreq.o
LOAD ./Middlewares/ST/STM32_USB_Device_Library/Core/Src/usbd_ioreq.o
LOAD ./USB_DEVICE/App/usb_device.o
LOAD ./USB_DEVICE/App/usbd_cdc_if.o
LOAD ./USB_DEVICE/App/usbd_desc.o
LOAD ./USB_DEVICE/Target/usbd_conf.o
START GROUP
LOAD C:/ST/STM32CubeIDE_1.18.1/STM32CubeIDE/plugins/com.st.stm32cube.ide.mcu.externaltools.gnu-tools-for-stm32.13.3.rel1.win32_1.0.0.202411081344/tools/bin/../lib/gcc/arm-none-eabi/13.3.1/../../../../arm-none-eabi/lib/thumb/v7e-m+fp/hard\libc_nano.a
LOAD C:/ST/STM32CubeIDE_1.18.1/STM32CubeIDE/plugins/com.st.stm32cube.ide.mcu.externaltools.gnu-tools-for-stm32.13.3.rel1.win32_1.0.0.202411081344/tools/bin/../lib/gcc/arm-none-eabi/13.3.1/../../../../arm-none-eabi/lib/thumb/v7e-m+fp/hard\libm.a
END GROUP
START GROUP
LOAD C:/ST/STM32CubeIDE_1.18.1/STM32CubeIDE/plugins/com.st.stm32cube.ide.mcu.externaltools.gnu-tools-for-stm32.13.3.rel1.win32_1.0.0.202411081344/tools/bin/../lib/gcc/arm-none-eabi/13.3.1/thumb/v7e-m+fp/hard\libgcc.a
LOAD C:/ST/STM32CubeIDE_1.18.1/STM32CubeIDE/plugins/com.st.stm32cube.ide.mcu.externaltools.gnu-tools-for-stm32.13.3.rel1.win32_1.0.0.202411081344/tools/bin/../lib/gcc/arm-none-eabi/13.3.1/../../../../arm-none-eabi/lib/thumb/v7e-m+fp/hard\libc_nano.a
END GROUP
START GROUP
LOAD C:/ST/STM32CubeIDE_1.18.1/STM32CubeIDE/plugins/com.st.stm32cube.ide.mcu.externaltools.gnu-tools-for-stm32.13.3.rel1.win32_1.0.0.202411081344/tools/bin/../lib/gcc/arm-none-eabi/13.3.1/thumb/v7e-m+fp/hard\libgcc.a
LOAD C:/ST/STM32CubeIDE_1.18.1/STM32CubeIDE/plugins/com.st.stm32cube.ide.mcu.externaltools.gnu-tools-for-stm32.13.3.rel1.win32_1.0.0.202411081344/tools/bin/../lib/gcc/arm-none-eabi/13.3.1/../../../../arm-none-eabi/lib/thumb/v7e-m+fp/hard\libc_nano.a
LOAD C:/ST/STM32CubeIDE_1.18.1/STM32CubeIDE/plugins/com.st.stm32cube.ide.mcu.externaltools.gnu-tools-for-stm32.13.3.rel1.win32_1.0.0.202411081344/tools/bin/../lib/gcc/arm-none-eabi/13.3.1/../../../../arm-none-eabi/lib/thumb/v7e-m+fp/hard\libnosys.a
END GROUP
START GROUP
LOAD C:/ST/STM32CubeIDE_1.18.1/STM32CubeIDE/plugins/com.st.stm32cube.ide.mcu.externaltools.gnu-tools-for-stm32.13.3.rel1.win32_1.0.0.202411081344/tools/bin/../lib/gcc/arm-none-eabi/13.3.1/thumb/v7e-m+fp/hard\libgcc.a
LOAD C:/ST/STM32CubeIDE_1.18.1/STM32CubeIDE/plugins/com.st.stm32cube.ide.mcu.externaltools.gnu-tools-for-stm32.13.3.rel1.win32_1.0.0.202411081344/tools/bin/../lib/gcc/arm-none-eabi/13.3.1/../../../../arm-none-eabi/lib/thumb/v7e-m+fp/hard\libc_nano.a
LOAD C:/ST/STM32CubeIDE_1.18.1/STM32CubeIDE/plugins/com.st.stm32cube.ide.mcu.externaltools.gnu-tools-for-stm32.13.3.rel1.win32_1.0.0.202411081344/tools/bin/../lib/gcc/arm-none-eabi/13.3.1/../../../../arm-none-eabi/lib/thumb/v7e-m+fp/hard\libnosys.a
END GROUP
LOAD C:/ST/STM32CubeIDE_1.18.1/STM32CubeIDE/plugins/com.st.stm32cube.ide.mcu.externaltools.gnu-tools-for-stm32.13.3.rel1.win32_1.0.0.202411081344/tools/bin/../lib/gcc/arm-none-eabi/13.3.1/thumb/v7e-m+fp/hard/crtend.o
LOAD C:/ST/STM32CubeIDE_1.18.1/STM32CubeIDE/plugins/com.st.stm32cube.ide.mcu.externaltools.gnu-tools-for-stm32.13.3.rel1.win32_1.0.0.202411081344/tools/bin/../lib/gcc/arm-none-eabi/13.3.1/thumb/v7e-m+fp/hard/crtn.o
                0x20020000                        _estack = (ORIGIN (RAM) + LENGTH (RAM))
                0x00000200                        _Min_Heap_Size = 0x200
                0x00000400                        _Min_Stack_Size = 0x400

.isr_vector     0x08000000      0x198
                0x08000000                        . = ALIGN (0x4)
 *(.isr_vector)
 .isr_vector    0x08000000      0x198 ./Core/Startup/startup_stm32f411ceux.o
                0x08000000                g_pfnVectors
                0x08000198                        . = ALIGN (0x4)

.text           0x08000198     0xded4
                0x08000198                        . = ALIGN (0x4)
 *(.text)
 .text          0x08000198       0x40 C:/ST/STM32CubeIDE_1.18.1/STM32CubeIDE/plugins/com.st.stm32cube.ide.mcu.externaltools.gnu-tools-for-stm32.13.3.rel1.win32_1.0.0.202411081344/tools/bin/../lib/gcc/arm-none-eabi/13.3.1/thumb/v7e-m+fp/hard/crtbegin.o
 .text          0x080001d8       0x30 C:/ST/STM32CubeIDE_1.18.1/STM32CubeIDE/plugins/com.st.stm32cube.ide.mcu.externaltools.gnu-tools-for-stm32.13.3.rel1.win32_1.0.0.202411081344/tools/bin/../lib/gcc/arm-none-eabi/13.3.1/thumb/v7e-m+fp/hard\libgcc.a(_aeabi_uldivmod.o)
                0x080001d8                __aeabi_uldivmod
 .text          0x08000208      0x2f8 C:/ST/STM32CubeIDE_1.18.1/STM32CubeIDE/plugins/com.st.stm32cube.ide.mcu.externaltools.gnu-tools-for-stm32.13.3.rel1.win32_1.0.0.202411081344/tools/bin/../lib/gcc/arm-none-eabi/13.3.1/thumb/v7e-m+fp/hard\libgcc.a(_udivmoddi4.o)
                0x08000208                __udivmoddi4
 .text          0x08000500        0x4 C:/ST/STM32CubeIDE_1.18.1/STM32CubeIDE/plugins/com.st.stm32cube.ide.mcu.externaltools.gnu-tools-for-stm32.13.3.rel1.win32_1.0.0.202411081344/tools/bin/../lib/gcc/arm-none-eabi/13.3.1/thumb/v7e-m+fp/hard\libgcc.a(_dvmd_tls.o)
                0x08000500                __aeabi_idiv0
                0x08000500                __aeabi_ldiv0
 *(.text*)
 .text.HAL_TIM_PeriodElapsedCallback
                0x08000504       0x70 ./Core/Src/main.o
                0x08000504                HAL_TIM_PeriodElapsedCallback
 .text.HAL_I2C_MemTxCpltCallback
                0x08000574       0x1e ./Core/Src/main.o
                0x08000574                HAL_I2C_MemTxCpltCallback
 *fill*         0x08000592        0x2 
 .text.HAL_I2C_MemRxCpltCallback
                0x08000594       0xd0 ./Core/Src/main.o
                0x08000594                HAL_I2C_MemRxCpltCallback
 .text.Engines_task
                0x08000664      0x154 ./Core/Src/main.o
                0x08000664                Engines_task
 .text.HAL_ADC_ConvCpltCallback
                0x080007b8       0x5c ./Core/Src/main.o
                0x080007b8                HAL_ADC_ConvCpltCallback
 .text.USBRxData
                0x08000814       0x74 ./Core/Src/main.o
                0x08000814                USBRxData
 .text.decodeHeader
                0x08000888      0x208 ./Core/Src/main.o
                0x08000888                decodeHeader
 .text.decodeCommand
                0x08000a90      0x294 ./Core/Src/main.o
                0x08000a90                decodeCommand
 .text.putHeaderOnTx
                0x08000d24      0x160 ./Core/Src/main.o
                0x08000d24                putHeaderOnTx
 .text.putByteOnTx
                0x08000e84       0x50 ./Core/Src/main.o
                0x08000e84                putByteOnTx
 .text.SSD1306_Task
                0x08000ed4       0xac ./Core/Src/main.o
                0x08000ed4                SSD1306_Task
 .text.main     0x08000f80      0x158 ./Core/Src/main.o
                0x08000f80                main
 .text.SystemClock_Config
                0x080010d8       0xd0 ./Core/Src/main.o
                0x080010d8                SystemClock_Config
 .text.MX_ADC1_Init
                0x080011a8      0x168 ./Core/Src/main.o
 .text.MX_I2C1_Init
                0x08001310       0x5c ./Core/Src/main.o
 .text.MX_TIM3_Init
                0x0800136c      0x104 ./Core/Src/main.o
 .text.MX_TIM10_Init
                0x08001470       0x48 ./Core/Src/main.o
 .text.MX_TIM11_Init
                0x080014b8       0x48 ./Core/Src/main.o
 .text.MX_DMA_Init
                0x08001500       0x7c ./Core/Src/main.o
 .text.MX_GPIO_Init
                0x0800157c      0x11c ./Core/Src/main.o
 .text.serialTask
                0x08001698       0x9e ./Core/Src/main.o
                0x08001698                serialTask
 *fill*         0x08001736        0x2 
 .text.I2C_DMA_Transmit
                0x08001738       0x38 ./Core/Src/main.o
                0x08001738                I2C_DMA_Transmit
 .text.I2C_1_Abstract_Master_Transmit_Blocking
                0x08001770       0x34 ./Core/Src/main.o
                0x08001770                I2C_1_Abstract_Master_Transmit_Blocking
 .text.I2C_RBlocking
                0x080017a4       0x40 ./Core/Src/main.o
                0x080017a4                I2C_RBlocking
 .text.I2C_DMA_Recive
                0x080017e4       0x38 ./Core/Src/main.o
                0x080017e4                I2C_DMA_Recive
 .text.I2C_1_Abstract_Mem_Write_Blocking
                0x0800181c       0x40 ./Core/Src/main.o
                0x0800181c                I2C_1_Abstract_Mem_Write_Blocking
 .text.Error_Handler
                0x0800185c        0xc ./Core/Src/main.o
                0x0800185c                Error_Handler
 .text.en_HandlerENG
                0x08001868       0x8a ./Core/Src/motores.o
                0x08001868                en_HandlerENG
 *fill*         0x080018f2        0x2 
 .text.MPU6050_Init
                0x080018f4       0xd8 ./Core/Src/mpu6050.o
                0x080018f4                MPU6050_Init
 .text.MPU6050_Read_All
                0x080019cc       0x3c ./Core/Src/mpu6050.o
                0x080019cc                MPU6050_Read_All
 .text.MPU6050_NonBlocking_DMA
                0x08001a08       0x2c ./Core/Src/mpu6050.o
                0x08001a08                MPU6050_NonBlocking_DMA
 .text.MPU6050_I2C_Blocking
                0x08001a34       0x2c ./Core/Src/mpu6050.o
                0x08001a34                MPU6050_I2C_Blocking
 .text.SSD1306_Init
                0x08001a60      0x160 ./Core/Src/ssd1306_oled.o
                0x08001a60                SSD1306_Init
 .text.SSD1306_UpdateScreen
                0x08001bc0       0xcc ./Core/Src/ssd1306_oled.o
                0x08001bc0                SSD1306_UpdateScreen
 .text.SSD1306_Fill
                0x08001c8c       0x30 ./Core/Src/ssd1306_oled.o
                0x08001c8c                SSD1306_Fill
 .text.SSD1306_DrawPixel
                0x08001cbc       0xc0 ./Core/Src/ssd1306_oled.o
                0x08001cbc                SSD1306_DrawPixel
 .text.SSD1306_GotoXY
                0x08001d7c       0x2c ./Core/Src/ssd1306_oled.o
                0x08001d7c                SSD1306_GotoXY
 .text.SSD1306_DrawLine
                0x08001da8      0x1f6 ./Core/Src/ssd1306_oled.o
                0x08001da8                SSD1306_DrawLine
 *fill*         0x08001f9e        0x2 
 .text.SSD1306_I2C_Write
                0x08001fa0       0x38 ./Core/Src/ssd1306_oled.o
                0x08001fa0                SSD1306_I2C_Write
 .text.Display_Set_I2C_Master_Transmit
                0x08001fd8       0x2c ./Core/Src/ssd1306_oled.o
                0x08001fd8                Display_Set_I2C_Master_Transmit
 .text.SSD1306_DMAREADY
                0x08002004       0x20 ./Core/Src/ssd1306_oled.o
                0x08002004                SSD1306_DMAREADY
 .text.SSD1306_RefreshReady
                0x08002024       0x18 ./Core/Src/ssd1306_oled.o
                0x08002024                SSD1306_RefreshReady
 .text.HAL_MspInit
                0x0800203c       0x5c ./Core/Src/stm32f4xx_hal_msp.o
                0x0800203c                HAL_MspInit
 .text.HAL_ADC_MspInit
                0x08002098      0x100 ./Core/Src/stm32f4xx_hal_msp.o
                0x08002098                HAL_ADC_MspInit
 .text.HAL_I2C_MspInit
                0x08002198      0x178 ./Core/Src/stm32f4xx_hal_msp.o
                0x08002198                HAL_I2C_MspInit
 .text.HAL_TIM_Base_MspInit
                0x08002310       0xc8 ./Core/Src/stm32f4xx_hal_msp.o
                0x08002310                HAL_TIM_Base_MspInit
 .text.HAL_TIM_MspPostInit
                0x080023d8       0x74 ./Core/Src/stm32f4xx_hal_msp.o
                0x080023d8                HAL_TIM_MspPostInit
 .text.NMI_Handler
                0x0800244c        0x8 ./Core/Src/stm32f4xx_it.o
                0x0800244c                NMI_Handler
 .text.HardFault_Handler
                0x08002454        0x8 ./Core/Src/stm32f4xx_it.o
                0x08002454                HardFault_Handler
 .text.MemManage_Handler
                0x0800245c        0x8 ./Core/Src/stm32f4xx_it.o
                0x0800245c                MemManage_Handler
 .text.BusFault_Handler
                0x08002464        0x8 ./Core/Src/stm32f4xx_it.o
                0x08002464                BusFault_Handler
 .text.UsageFault_Handler
                0x0800246c        0x8 ./Core/Src/stm32f4xx_it.o
                0x0800246c                UsageFault_Handler
 .text.SVC_Handler
                0x08002474        0xe ./Core/Src/stm32f4xx_it.o
                0x08002474                SVC_Handler
 .text.DebugMon_Handler
                0x08002482        0xe ./Core/Src/stm32f4xx_it.o
                0x08002482                DebugMon_Handler
 .text.PendSV_Handler
                0x08002490        0xe ./Core/Src/stm32f4xx_it.o
                0x08002490                PendSV_Handler
 .text.SysTick_Handler
                0x0800249e        0xc ./Core/Src/stm32f4xx_it.o
                0x0800249e                SysTick_Handler
 *fill*         0x080024aa        0x2 
 .text.DMA1_Stream0_IRQHandler
                0x080024ac       0x14 ./Core/Src/stm32f4xx_it.o
                0x080024ac                DMA1_Stream0_IRQHandler
 .text.DMA1_Stream1_IRQHandler
                0x080024c0       0x14 ./Core/Src/stm32f4xx_it.o
                0x080024c0                DMA1_Stream1_IRQHandler
 .text.ADC_IRQHandler
                0x080024d4       0x14 ./Core/Src/stm32f4xx_it.o
                0x080024d4                ADC_IRQHandler
 .text.TIM1_UP_TIM10_IRQHandler
                0x080024e8       0x14 ./Core/Src/stm32f4xx_it.o
                0x080024e8                TIM1_UP_TIM10_IRQHandler
 .text.TIM1_TRG_COM_TIM11_IRQHandler
                0x080024fc       0x14 ./Core/Src/stm32f4xx_it.o
                0x080024fc                TIM1_TRG_COM_TIM11_IRQHandler
 .text.TIM3_IRQHandler
                0x08002510       0x14 ./Core/Src/stm32f4xx_it.o
                0x08002510                TIM3_IRQHandler
 .text.I2C1_EV_IRQHandler
                0x08002524       0x14 ./Core/Src/stm32f4xx_it.o
                0x08002524                I2C1_EV_IRQHandler
 .text.I2C1_ER_IRQHandler
                0x08002538       0x14 ./Core/Src/stm32f4xx_it.o
                0x08002538                I2C1_ER_IRQHandler
 .text.DMA2_Stream0_IRQHandler
                0x0800254c       0x14 ./Core/Src/stm32f4xx_it.o
                0x0800254c                DMA2_Stream0_IRQHandler
 .text.OTG_FS_IRQHandler
                0x08002560       0x14 ./Core/Src/stm32f4xx_it.o
                0x08002560                OTG_FS_IRQHandler
 .text.FPU_IRQHandler
                0x08002574        0xe ./Core/Src/stm32f4xx_it.o
                0x08002574                FPU_IRQHandler
 *fill*         0x08002582        0x2 
 .text.SystemInit
                0x08002584       0x24 ./Core/Src/system_stm32f4xx.o
                0x08002584                SystemInit
 .text.Reset_Handler
                0x080025a8       0x50 ./Core/Startup/startup_stm32f411ceux.o
                0x080025a8                Reset_Handler
 .text.Default_Handler
                0x080025f8        0x2 ./Core/Startup/startup_stm32f411ceux.o
                0x080025f8                RTC_Alarm_IRQHandler
                0x080025f8                EXTI2_IRQHandler
                0x080025f8                SPI4_IRQHandler
                0x080025f8                TIM1_CC_IRQHandler
                0x080025f8                DMA2_Stream5_IRQHandler
                0x080025f8                DMA1_Stream5_IRQHandler
                0x080025f8                PVD_IRQHandler
                0x080025f8                SDIO_IRQHandler
                0x080025f8                TAMP_STAMP_IRQHandler
                0x080025f8                EXTI3_IRQHandler
                0x080025f8                I2C3_ER_IRQHandler
                0x080025f8                EXTI0_IRQHandler
                0x080025f8                I2C2_EV_IRQHandler
                0x080025f8                DMA1_Stream2_IRQHandler
                0x080025f8                DMA2_Stream2_IRQHandler
                0x080025f8                SPI1_IRQHandler
                0x080025f8                TIM1_BRK_TIM9_IRQHandler
                0x080025f8                DMA2_Stream3_IRQHandler
                0x080025f8                USART6_IRQHandler
                0x080025f8                TIM4_IRQHandler
                0x080025f8                DMA1_Stream6_IRQHandler
                0x080025f8                RCC_IRQHandler
                0x080025f8                Default_Handler
                0x080025f8                EXTI15_10_IRQHandler
                0x080025f8                DMA1_Stream7_IRQHandler
                0x080025f8                SPI5_IRQHandler
                0x080025f8                TIM5_IRQHandler
                0x080025f8                DMA2_Stream7_IRQHandler
                0x080025f8                I2C3_EV_IRQHandler
                0x080025f8                EXTI9_5_IRQHandler
                0x080025f8                RTC_WKUP_IRQHandler
                0x080025f8                SPI2_IRQHandler
                0x080025f8                EXTI4_IRQHandler
                0x080025f8                WWDG_IRQHandler
                0x080025f8                TIM2_IRQHandler
                0x080025f8                OTG_FS_WKUP_IRQHandler
                0x080025f8                EXTI1_IRQHandler
                0x080025f8                USART2_IRQHandler
                0x080025f8                I2C2_ER_IRQHandler
                0x080025f8                DMA2_Stream1_IRQHandler
                0x080025f8                FLASH_IRQHandler
                0x080025f8                DMA2_Stream4_IRQHandler
                0x080025f8                USART1_IRQHandler
                0x080025f8                SPI3_IRQHandler
                0x080025f8                DMA1_Stream4_IRQHandler
                0x080025f8                DMA2_Stream6_IRQHandler
                0x080025f8                DMA1_Stream3_IRQHandler
 *fill*         0x080025fa        0x2 
 .text.HAL_Init
                0x080025fc       0x44 ./Drivers/STM32F4xx_HAL_Driver/Src/stm32f4xx_hal.o
                0x080025fc                HAL_Init
 .text.HAL_InitTick
                0x08002640       0x60 ./Drivers/STM32F4xx_HAL_Driver/Src/stm32f4xx_hal.o
                0x08002640                HAL_InitTick
 .text.HAL_IncTick
                0x080026a0       0x28 ./Drivers/STM32F4xx_HAL_Driver/Src/stm32f4xx_hal.o
                0x080026a0                HAL_IncTick
 .text.HAL_GetTick
                0x080026c8       0x18 ./Drivers/STM32F4xx_HAL_Driver/Src/stm32f4xx_hal.o
                0x080026c8                HAL_GetTick
 .text.HAL_Delay
                0x080026e0       0x48 ./Drivers/STM32F4xx_HAL_Driver/Src/stm32f4xx_hal.o
                0x080026e0                HAL_Delay
 .text.HAL_ADC_Init
                0x08002728       0x86 ./Drivers/STM32F4xx_HAL_Driver/Src/stm32f4xx_hal_adc.o
                0x08002728                HAL_ADC_Init
 .text.HAL_ADC_IRQHandler
                0x080027ae      0x220 ./Drivers/STM32F4xx_HAL_Driver/Src/stm32f4xx_hal_adc.o
                0x080027ae                HAL_ADC_IRQHandler
 *fill*         0x080029ce        0x2 
 .text.HAL_ADC_Start_DMA
                0x080029d0      0x1e8 ./Drivers/STM32F4xx_HAL_Driver/Src/stm32f4xx_hal_adc.o
                0x080029d0                HAL_ADC_Start_DMA
 .text.HAL_ADC_ConvHalfCpltCallback
                0x08002bb8       0x14 ./Drivers/STM32F4xx_HAL_Driver/Src/stm32f4xx_hal_adc.o
                0x08002bb8                HAL_ADC_ConvHalfCpltCallback
 .text.HAL_ADC_LevelOutOfWindowCallback
                0x08002bcc       0x14 ./Drivers/STM32F4xx_HAL_Driver/Src/stm32f4xx_hal_adc.o
                0x08002bcc                HAL_ADC_LevelOutOfWindowCallback
 .text.HAL_ADC_ErrorCallback
                0x08002be0       0x14 ./Drivers/STM32F4xx_HAL_Driver/Src/stm32f4xx_hal_adc.o
                0x08002be0                HAL_ADC_ErrorCallback
 .text.HAL_ADC_ConfigChannel
                0x08002bf4      0x264 ./Drivers/STM32F4xx_HAL_Driver/Src/stm32f4xx_hal_adc.o
                0x08002bf4                HAL_ADC_ConfigChannel
 .text.ADC_Init
                0x08002e58      0x1f8 ./Drivers/STM32F4xx_HAL_Driver/Src/stm32f4xx_hal_adc.o
 .text.ADC_DMAConvCplt
                0x08003050       0xba ./Drivers/STM32F4xx_HAL_Driver/Src/stm32f4xx_hal_adc.o
 .text.ADC_DMAHalfConvCplt
                0x0800310a       0x1c ./Drivers/STM32F4xx_HAL_Driver/Src/stm32f4xx_hal_adc.o
 .text.ADC_DMAError
                0x08003126       0x2e ./Drivers/STM32F4xx_HAL_Driver/Src/stm32f4xx_hal_adc.o
 .text.HAL_ADCEx_InjectedConvCpltCallback
                0x08003154       0x14 ./Drivers/STM32F4xx_HAL_Driver/Src/stm32f4xx_hal_adc_ex.o
                0x08003154                HAL_ADCEx_InjectedConvCpltCallback
 .text.__NVIC_SetPriorityGrouping
                0x08003168       0x48 ./Drivers/STM32F4xx_HAL_Driver/Src/stm32f4xx_hal_cortex.o
 .text.__NVIC_GetPriorityGrouping
                0x080031b0       0x1c ./Drivers/STM32F4xx_HAL_Driver/Src/stm32f4xx_hal_cortex.o
 .text.__NVIC_EnableIRQ
                0x080031cc       0x3c ./Drivers/STM32F4xx_HAL_Driver/Src/stm32f4xx_hal_cortex.o
 .text.__NVIC_SetPriority
                0x08003208       0x54 ./Drivers/STM32F4xx_HAL_Driver/Src/stm32f4xx_hal_cortex.o
 .text.NVIC_EncodePriority
                0x0800325c       0x66 ./Drivers/STM32F4xx_HAL_Driver/Src/stm32f4xx_hal_cortex.o
 *fill*         0x080032c2        0x2 
 .text.SysTick_Config
                0x080032c4       0x44 ./Drivers/STM32F4xx_HAL_Driver/Src/stm32f4xx_hal_cortex.o
 .text.HAL_NVIC_SetPriorityGrouping
                0x08003308       0x16 ./Drivers/STM32F4xx_HAL_Driver/Src/stm32f4xx_hal_cortex.o
                0x08003308                HAL_NVIC_SetPriorityGrouping
 .text.HAL_NVIC_SetPriority
                0x0800331e       0x38 ./Drivers/STM32F4xx_HAL_Driver/Src/stm32f4xx_hal_cortex.o
                0x0800331e                HAL_NVIC_SetPriority
 .text.HAL_NVIC_EnableIRQ
                0x08003356       0x1c ./Drivers/STM32F4xx_HAL_Driver/Src/stm32f4xx_hal_cortex.o
                0x08003356                HAL_NVIC_EnableIRQ
 .text.HAL_SYSTICK_Config
                0x08003372       0x18 ./Drivers/STM32F4xx_HAL_Driver/Src/stm32f4xx_hal_cortex.o
                0x08003372                HAL_SYSTICK_Config
 *fill*         0x0800338a        0x2 
 .text.HAL_DMA_Init
                0x0800338c      0x15c ./Drivers/STM32F4xx_HAL_Driver/Src/stm32f4xx_hal_dma.o
                0x0800338c                HAL_DMA_Init
 .text.HAL_DMA_Start_IT
                0x080034e8       0xb0 ./Drivers/STM32F4xx_HAL_Driver/Src/stm32f4xx_hal_dma.o
                0x080034e8                HAL_DMA_Start_IT
 .text.HAL_DMA_Abort_IT
                0x08003598       0x44 ./Drivers/STM32F4xx_HAL_Driver/Src/stm32f4xx_hal_dma.o
                0x08003598                HAL_DMA_Abort_IT
 .text.HAL_DMA_IRQHandler
                0x080035dc      0x314 ./Drivers/STM32F4xx_HAL_Driver/Src/stm32f4xx_hal_dma.o
                0x080035dc                HAL_DMA_IRQHandler
 .text.HAL_DMA_GetState
                0x080038f0       0x1c ./Drivers/STM32F4xx_HAL_Driver/Src/stm32f4xx_hal_dma.o
                0x080038f0                HAL_DMA_GetState
 .text.HAL_DMA_GetError
                0x0800390c       0x18 ./Drivers/STM32F4xx_HAL_Driver/Src/stm32f4xx_hal_dma.o
                0x0800390c                HAL_DMA_GetError
 .text.DMA_SetConfig
                0x08003924       0x5c ./Drivers/STM32F4xx_HAL_Driver/Src/stm32f4xx_hal_dma.o
 .text.DMA_CalcBaseAndBitshift
                0x08003980       0x6c ./Drivers/STM32F4xx_HAL_Driver/Src/stm32f4xx_hal_dma.o
 .text.DMA_CheckFifoParam
                0x080039ec       0xf8 ./Drivers/STM32F4xx_HAL_Driver/Src/stm32f4xx_hal_dma.o
 .text.HAL_GPIO_Init
                0x08003ae4      0x308 ./Drivers/STM32F4xx_HAL_Driver/Src/stm32f4xx_hal_gpio.o
                0x08003ae4                HAL_GPIO_Init
 .text.HAL_GPIO_WritePin
                0x08003dec       0x32 ./Drivers/STM32F4xx_HAL_Driver/Src/stm32f4xx_hal_gpio.o
                0x08003dec                HAL_GPIO_WritePin
 .text.HAL_GPIO_TogglePin
                0x08003e1e       0x34 ./Drivers/STM32F4xx_HAL_Driver/Src/stm32f4xx_hal_gpio.o
                0x08003e1e                HAL_GPIO_TogglePin
 *fill*         0x08003e52        0x2 
 .text.HAL_I2C_Init
                0x08003e54      0x288 ./Drivers/STM32F4xx_HAL_Driver/Src/stm32f4xx_hal_i2c.o
                0x08003e54                HAL_I2C_Init
 .text.I2C_Flush_DR
                0x080040dc       0x2a ./Drivers/STM32F4xx_HAL_Driver/Src/stm32f4xx_hal_i2c.o
 *fill*         0x08004106        0x2 
 .text.HAL_I2C_Master_Transmit
                0x08004108      0x1fc ./Drivers/STM32F4xx_HAL_Driver/Src/stm32f4xx_hal_i2c.o
                0x08004108                HAL_I2C_Master_Transmit
 .text.HAL_I2C_Mem_Write
                0x08004304      0x1f4 ./Drivers/STM32F4xx_HAL_Driver/Src/stm32f4xx_hal_i2c.o
                0x08004304                HAL_I2C_Mem_Write
 .text.HAL_I2C_Mem_Read
                0x080044f8      0x464 ./Drivers/STM32F4xx_HAL_Driver/Src/stm32f4xx_hal_i2c.o
                0x080044f8                HAL_I2C_Mem_Read
 .text.HAL_I2C_Mem_Write_DMA
                0x0800495c      0x2bc ./Drivers/STM32F4xx_HAL_Driver/Src/stm32f4xx_hal_i2c.o
                0x0800495c                HAL_I2C_Mem_Write_DMA
 .text.HAL_I2C_Mem_Read_DMA
                0x08004c18      0x320 ./Drivers/STM32F4xx_HAL_Driver/Src/stm32f4xx_hal_i2c.o
                0x08004c18                HAL_I2C_Mem_Read_DMA
 .text.HAL_I2C_EV_IRQHandler
                0x08004f38      0x2e2 ./Drivers/STM32F4xx_HAL_Driver/Src/stm32f4xx_hal_i2c.o
                0x08004f38                HAL_I2C_EV_IRQHandler
 .text.HAL_I2C_ER_IRQHandler
                0x0800521a      0x14e ./Drivers/STM32F4xx_HAL_Driver/Src/stm32f4xx_hal_i2c.o
                0x0800521a                HAL_I2C_ER_IRQHandler
 .text.HAL_I2C_MasterTxCpltCallback
                0x08005368       0x14 ./Drivers/STM32F4xx_HAL_Driver/Src/stm32f4xx_hal_i2c.o
                0x08005368                HAL_I2C_MasterTxCpltCallback
 .text.HAL_I2C_MasterRxCpltCallback
                0x0800537c       0x14 ./Drivers/STM32F4xx_HAL_Driver/Src/stm32f4xx_hal_i2c.o
                0x0800537c                HAL_I2C_MasterRxCpltCallback
 .text.HAL_I2C_SlaveTxCpltCallback
                0x08005390       0x14 ./Drivers/STM32F4xx_HAL_Driver/Src/stm32f4xx_hal_i2c.o
                0x08005390                HAL_I2C_SlaveTxCpltCallback
 .text.HAL_I2C_SlaveRxCpltCallback
                0x080053a4       0x14 ./Drivers/STM32F4xx_HAL_Driver/Src/stm32f4xx_hal_i2c.o
                0x080053a4                HAL_I2C_SlaveRxCpltCallback
 .text.HAL_I2C_AddrCallback
                0x080053b8       0x1c ./Drivers/STM32F4xx_HAL_Driver/Src/stm32f4xx_hal_i2c.o
                0x080053b8                HAL_I2C_AddrCallback
 .text.HAL_I2C_ListenCpltCallback
                0x080053d4       0x14 ./Drivers/STM32F4xx_HAL_Driver/Src/stm32f4xx_hal_i2c.o
                0x080053d4                HAL_I2C_ListenCpltCallback
 .text.HAL_I2C_ErrorCallback
                0x080053e8       0x14 ./Drivers/STM32F4xx_HAL_Driver/Src/stm32f4xx_hal_i2c.o
                0x080053e8                HAL_I2C_ErrorCallback
 .text.HAL_I2C_AbortCpltCallback
                0x080053fc       0x14 ./Drivers/STM32F4xx_HAL_Driver/Src/stm32f4xx_hal_i2c.o
                0x080053fc                HAL_I2C_AbortCpltCallback
 .text.I2C_MasterTransmit_TXE
                0x08005410      0x138 ./Drivers/STM32F4xx_HAL_Driver/Src/stm32f4xx_hal_i2c.o
 .text.I2C_MasterTransmit_BTF
                0x08005548       0xec ./Drivers/STM32F4xx_HAL_Driver/Src/stm32f4xx_hal_i2c.o
 .text.I2C_MemoryTransmit_TXE_BTF
                0x08005634      0x130 ./Drivers/STM32F4xx_HAL_Driver/Src/stm32f4xx_hal_i2c.o
 .text.I2C_MasterReceive_RXNE
                0x08005764      0x190 ./Drivers/STM32F4xx_HAL_Driver/Src/stm32f4xx_hal_i2c.o
 .text.I2C_MasterReceive_BTF
                0x080058f4      0x1e2 ./Drivers/STM32F4xx_HAL_Driver/Src/stm32f4xx_hal_i2c.o
 .text.I2C_Master_SB
                0x08005ad6      0x10c ./Drivers/STM32F4xx_HAL_Driver/Src/stm32f4xx_hal_i2c.o
 .text.I2C_Master_ADD10
                0x08005be2       0x54 ./Drivers/STM32F4xx_HAL_Driver/Src/stm32f4xx_hal_i2c.o
 .text.I2C_Master_ADDR
                0x08005c36      0x322 ./Drivers/STM32F4xx_HAL_Driver/Src/stm32f4xx_hal_i2c.o
 .text.I2C_SlaveTransmit_TXE
                0x08005f58       0x7a ./Drivers/STM32F4xx_HAL_Driver/Src/stm32f4xx_hal_i2c.o
 .text.I2C_SlaveTransmit_BTF
                0x08005fd2       0x42 ./Drivers/STM32F4xx_HAL_Driver/Src/stm32f4xx_hal_i2c.o
 .text.I2C_SlaveReceive_RXNE
                0x08006014       0x7c ./Drivers/STM32F4xx_HAL_Driver/Src/stm32f4xx_hal_i2c.o
 .text.I2C_SlaveReceive_BTF
                0x08006090       0x44 ./Drivers/STM32F4xx_HAL_Driver/Src/stm32f4xx_hal_i2c.o
 .text.I2C_Slave_ADDR
                0x080060d4       0x94 ./Drivers/STM32F4xx_HAL_Driver/Src/stm32f4xx_hal_i2c.o
 .text.I2C_Slave_STOPF
                0x08006168      0x260 ./Drivers/STM32F4xx_HAL_Driver/Src/stm32f4xx_hal_i2c.o
 .text.I2C_Slave_AF
                0x080063c8       0xe8 ./Drivers/STM32F4xx_HAL_Driver/Src/stm32f4xx_hal_i2c.o
 .text.I2C_ITError
                0x080064b0      0x264 ./Drivers/STM32F4xx_HAL_Driver/Src/stm32f4xx_hal_i2c.o
 .text.I2C_MasterRequestWrite
                0x08006714      0x104 ./Drivers/STM32F4xx_HAL_Driver/Src/stm32f4xx_hal_i2c.o
 .text.I2C_RequestMemoryWrite
                0x08006818      0x12c ./Drivers/STM32F4xx_HAL_Driver/Src/stm32f4xx_hal_i2c.o
 .text.I2C_RequestMemoryRead
                0x08006944      0x1d0 ./Drivers/STM32F4xx_HAL_Driver/Src/stm32f4xx_hal_i2c.o
 .text.I2C_DMAXferCplt
                0x08006b14      0x1be ./Drivers/STM32F4xx_HAL_Driver/Src/stm32f4xx_hal_i2c.o
 .text.I2C_DMAError
                0x08006cd2       0x7a ./Drivers/STM32F4xx_HAL_Driver/Src/stm32f4xx_hal_i2c.o
 .text.I2C_DMAAbort
                0x08006d4c      0x150 ./Drivers/STM32F4xx_HAL_Driver/Src/stm32f4xx_hal_i2c.o
 .text.I2C_WaitOnFlagUntilTimeout
                0x08006e9c       0xf4 ./Drivers/STM32F4xx_HAL_Driver/Src/stm32f4xx_hal_i2c.o
 .text.I2C_WaitOnMasterAddressFlagUntilTimeout
                0x08006f90      0x140 ./Drivers/STM32F4xx_HAL_Driver/Src/stm32f4xx_hal_i2c.o
 .text.I2C_WaitOnTXEFlagUntilTimeout
                0x080070d0       0x90 ./Drivers/STM32F4xx_HAL_Driver/Src/stm32f4xx_hal_i2c.o
 .text.I2C_WaitOnBTFFlagUntilTimeout
                0x08007160       0x90 ./Drivers/STM32F4xx_HAL_Driver/Src/stm32f4xx_hal_i2c.o
 .text.I2C_WaitOnSTOPRequestThroughIT
                0x080071f0       0x64 ./Drivers/STM32F4xx_HAL_Driver/Src/stm32f4xx_hal_i2c.o
 .text.I2C_WaitOnRXNEFlagUntilTimeout
                0x08007254       0xba ./Drivers/STM32F4xx_HAL_Driver/Src/stm32f4xx_hal_i2c.o
 .text.I2C_IsAcknowledgeFailed
                0x0800730e       0x5e ./Drivers/STM32F4xx_HAL_Driver/Src/stm32f4xx_hal_i2c.o
 .text.I2C_ConvertOtherXferOptions
                0x0800736c       0x36 ./Drivers/STM32F4xx_HAL_Driver/Src/stm32f4xx_hal_i2c.o
 .text.HAL_PCD_Init
                0x080073a2      0x21e ./Drivers/STM32F4xx_HAL_Driver/Src/stm32f4xx_hal_pcd.o
                0x080073a2                HAL_PCD_Init
 .text.HAL_PCD_Start
                0x080075c0       0x6a ./Drivers/STM32F4xx_HAL_Driver/Src/stm32f4xx_hal_pcd.o
                0x080075c0                HAL_PCD_Start
 .text.HAL_PCD_IRQHandler
                0x0800762a      0x942 ./Drivers/STM32F4xx_HAL_Driver/Src/stm32f4xx_hal_pcd.o
                0x0800762a                HAL_PCD_IRQHandler
 .text.HAL_PCD_SetAddress
                0x08007f6c       0x48 ./Drivers/STM32F4xx_HAL_Driver/Src/stm32f4xx_hal_pcd.o
                0x08007f6c                HAL_PCD_SetAddress
 .text.HAL_PCD_EP_Open
                0x08007fb4       0xd4 ./Drivers/STM32F4xx_HAL_Driver/Src/stm32f4xx_hal_pcd.o
                0x08007fb4                HAL_PCD_EP_Open
 .text.HAL_PCD_EP_Close
                0x08008088       0x94 ./Drivers/STM32F4xx_HAL_Driver/Src/stm32f4xx_hal_pcd.o
                0x08008088                HAL_PCD_EP_Close
 .text.HAL_PCD_EP_Receive
                0x0800811c       0x76 ./Drivers/STM32F4xx_HAL_Driver/Src/stm32f4xx_hal_pcd.o
                0x0800811c                HAL_PCD_EP_Receive
 .text.HAL_PCD_EP_GetRxCount
                0x08008192       0x30 ./Drivers/STM32F4xx_HAL_Driver/Src/stm32f4xx_hal_pcd.o
                0x08008192                HAL_PCD_EP_GetRxCount
 .text.HAL_PCD_EP_Transmit
                0x080081c2       0x74 ./Drivers/STM32F4xx_HAL_Driver/Src/stm32f4xx_hal_pcd.o
                0x080081c2                HAL_PCD_EP_Transmit
 .text.HAL_PCD_EP_SetStall
                0x08008236       0xc6 ./Drivers/STM32F4xx_HAL_Driver/Src/stm32f4xx_hal_pcd.o
                0x08008236                HAL_PCD_EP_SetStall
 .text.HAL_PCD_EP_ClrStall
                0x080082fc       0xac ./Drivers/STM32F4xx_HAL_Driver/Src/stm32f4xx_hal_pcd.o
                0x080082fc                HAL_PCD_EP_ClrStall
 .text.HAL_PCD_EP_Abort
                0x080083a8       0x62 ./Drivers/STM32F4xx_HAL_Driver/Src/stm32f4xx_hal_pcd.o
                0x080083a8                HAL_PCD_EP_Abort
 .text.PCD_WriteEmptyTxFifo
                0x0800840a      0x118 ./Drivers/STM32F4xx_HAL_Driver/Src/stm32f4xx_hal_pcd.o
 *fill*         0x08008522        0x2 
 .text.PCD_EP_OutXfrComplete_int
                0x08008524      0x1d0 ./Drivers/STM32F4xx_HAL_Driver/Src/stm32f4xx_hal_pcd.o
 .text.PCD_EP_OutSetupPacket_int
                0x080086f4       0x8c ./Drivers/STM32F4xx_HAL_Driver/Src/stm32f4xx_hal_pcd.o
 .text.HAL_PCDEx_SetTxFiFo
                0x08008780       0x8e ./Drivers/STM32F4xx_HAL_Driver/Src/stm32f4xx_hal_pcd_ex.o
                0x08008780                HAL_PCDEx_SetTxFiFo
 .text.HAL_PCDEx_SetRxFiFo
                0x0800880e       0x22 ./Drivers/STM32F4xx_HAL_Driver/Src/stm32f4xx_hal_pcd_ex.o
                0x0800880e                HAL_PCDEx_SetRxFiFo
 .text.HAL_PCDEx_LPM_Callback
                0x08008830       0x18 ./Drivers/STM32F4xx_HAL_Driver/Src/stm32f4xx_hal_pcd_ex.o
                0x08008830                HAL_PCDEx_LPM_Callback
 .text.HAL_RCC_OscConfig
                0x08008848      0x4f0 ./Drivers/STM32F4xx_HAL_Driver/Src/stm32f4xx_hal_rcc.o
                0x08008848                HAL_RCC_OscConfig
 .text.HAL_RCC_ClockConfig
                0x08008d38      0x1cc ./Drivers/STM32F4xx_HAL_Driver/Src/stm32f4xx_hal_rcc.o
                0x08008d38                HAL_RCC_ClockConfig
 .text.HAL_RCC_GetSysClockFreq
                0x08008f04      0x18c ./Drivers/STM32F4xx_HAL_Driver/Src/stm32f4xx_hal_rcc.o
                0x08008f04                HAL_RCC_GetSysClockFreq
 .text.HAL_RCC_GetHCLKFreq
                0x08009090       0x18 ./Drivers/STM32F4xx_HAL_Driver/Src/stm32f4xx_hal_rcc.o
                0x08009090                HAL_RCC_GetHCLKFreq
 .text.HAL_RCC_GetPCLK1Freq
                0x080090a8       0x28 ./Drivers/STM32F4xx_HAL_Driver/Src/stm32f4xx_hal_rcc.o
                0x080090a8                HAL_RCC_GetPCLK1Freq
 .text.HAL_TIM_Base_Init
                0x080090d0       0x9e ./Drivers/STM32F4xx_HAL_Driver/Src/stm32f4xx_hal_tim.o
                0x080090d0                HAL_TIM_Base_Init
 *fill*         0x0800916e        0x2 
 .text.HAL_TIM_Base_Start_IT
                0x08009170       0xc4 ./Drivers/STM32F4xx_HAL_Driver/Src/stm32f4xx_hal_tim.o
                0x08009170                HAL_TIM_Base_Start_IT
 .text.HAL_TIM_PWM_Init
                0x08009234       0x9e ./Drivers/STM32F4xx_HAL_Driver/Src/stm32f4xx_hal_tim.o
                0x08009234                HAL_TIM_PWM_Init
 .text.HAL_TIM_PWM_MspInit
                0x080092d2       0x14 ./Drivers/STM32F4xx_HAL_Driver/Src/stm32f4xx_hal_tim.o
                0x080092d2                HAL_TIM_PWM_MspInit
 .text.HAL_TIM_IRQHandler
                0x080092e6      0x1e0 ./Drivers/STM32F4xx_HAL_Driver/Src/stm32f4xx_hal_tim.o
                0x080092e6                HAL_TIM_IRQHandler
 *fill*         0x080094c6        0x2 
 .text.HAL_TIM_PWM_ConfigChannel
                0x080094c8      0x184 ./Drivers/STM32F4xx_HAL_Driver/Src/stm32f4xx_hal_tim.o
                0x080094c8                HAL_TIM_PWM_ConfigChannel
 .text.HAL_TIM_ConfigClockSource
                0x0800964c      0x18e ./Drivers/STM32F4xx_HAL_Driver/Src/stm32f4xx_hal_tim.o
                0x0800964c                HAL_TIM_ConfigClockSource
 .text.HAL_TIM_OC_DelayElapsedCallback
                0x080097da       0x14 ./Drivers/STM32F4xx_HAL_Driver/Src/stm32f4xx_hal_tim.o
                0x080097da                HAL_TIM_OC_DelayElapsedCallback
 .text.HAL_TIM_IC_CaptureCallback
                0x080097ee       0x14 ./Drivers/STM32F4xx_HAL_Driver/Src/stm32f4xx_hal_tim.o
                0x080097ee                HAL_TIM_IC_CaptureCallback
 .text.HAL_TIM_PWM_PulseFinishedCallback
                0x08009802       0x14 ./Drivers/STM32F4xx_HAL_Driver/Src/stm32f4xx_hal_tim.o
                0x08009802                HAL_TIM_PWM_PulseFinishedCallback
 .text.HAL_TIM_TriggerCallback
                0x08009816       0x14 ./Drivers/STM32F4xx_HAL_Driver/Src/stm32f4xx_hal_tim.o
                0x08009816                HAL_TIM_TriggerCallback
 *fill*         0x0800982a        0x2 
 .text.TIM_Base_SetConfig
                0x0800982c      0x10c ./Drivers/STM32F4xx_HAL_Driver/Src/stm32f4xx_hal_tim.o
                0x0800982c                TIM_Base_SetConfig
 .text.TIM_OC1_SetConfig
                0x08009938       0xcc ./Drivers/STM32F4xx_HAL_Driver/Src/stm32f4xx_hal_tim.o
 .text.TIM_OC2_SetConfig
                0x08009a04       0xd8 ./Drivers/STM32F4xx_HAL_Driver/Src/stm32f4xx_hal_tim.o
                0x08009a04                TIM_OC2_SetConfig
 .text.TIM_OC3_SetConfig
                0x08009adc       0xd4 ./Drivers/STM32F4xx_HAL_Driver/Src/stm32f4xx_hal_tim.o
 .text.TIM_OC4_SetConfig
                0x08009bb0       0xa0 ./Drivers/STM32F4xx_HAL_Driver/Src/stm32f4xx_hal_tim.o
 .text.TIM_TI1_ConfigInputStage
                0x08009c50       0x5e ./Drivers/STM32F4xx_HAL_Driver/Src/stm32f4xx_hal_tim.o
 .text.TIM_TI2_ConfigInputStage
                0x08009cae       0x60 ./Drivers/STM32F4xx_HAL_Driver/Src/stm32f4xx_hal_tim.o
 .text.TIM_ITRx_SetConfig
                0x08009d0e       0x36 ./Drivers/STM32F4xx_HAL_Driver/Src/stm32f4xx_hal_tim.o
 .text.TIM_ETR_SetConfig
                0x08009d44       0x40 ./Drivers/STM32F4xx_HAL_Driver/Src/stm32f4xx_hal_tim.o
                0x08009d44                TIM_ETR_SetConfig
 .text.HAL_TIMEx_MasterConfigSynchronization
                0x08009d84       0xdc ./Drivers/STM32F4xx_HAL_Driver/Src/stm32f4xx_hal_tim_ex.o
                0x08009d84                HAL_TIMEx_MasterConfigSynchronization
 .text.HAL_TIMEx_CommutCallback
                0x08009e60       0x14 ./Drivers/STM32F4xx_HAL_Driver/Src/stm32f4xx_hal_tim_ex.o
                0x08009e60                HAL_TIMEx_CommutCallback
 .text.HAL_TIMEx_BreakCallback
                0x08009e74       0x14 ./Drivers/STM32F4xx_HAL_Driver/Src/stm32f4xx_hal_tim_ex.o
                0x08009e74                HAL_TIMEx_BreakCallback
 .text.USB_CoreInit
                0x08009e88       0xc8 ./Drivers/STM32F4xx_HAL_Driver/Src/stm32f4xx_ll_usb.o
                0x08009e88                USB_CoreInit
 .text.USB_SetTurnaroundTime
                0x08009f50      0x144 ./Drivers/STM32F4xx_HAL_Driver/Src/stm32f4xx_ll_usb.o
                0x08009f50                USB_SetTurnaroundTime
 .text.USB_EnableGlobalInt
                0x0800a094       0x22 ./Drivers/STM32F4xx_HAL_Driver/Src/stm32f4xx_ll_usb.o
                0x0800a094                USB_EnableGlobalInt
 .text.USB_DisableGlobalInt
                0x0800a0b6       0x22 ./Drivers/STM32F4xx_HAL_Driver/Src/stm32f4xx_ll_usb.o
                0x0800a0b6                USB_DisableGlobalInt
 .text.USB_SetCurrentMode
                0x0800a0d8       0x98 ./Drivers/STM32F4xx_HAL_Driver/Src/stm32f4xx_ll_usb.o
                0x0800a0d8                USB_SetCurrentMode
 .text.USB_DevInit
                0x0800a170      0x2c8 ./Drivers/STM32F4xx_HAL_Driver/Src/stm32f4xx_ll_usb.o
                0x0800a170                USB_DevInit
 .text.USB_FlushTxFifo
                0x0800a438       0x64 ./Drivers/STM32F4xx_HAL_Driver/Src/stm32f4xx_ll_usb.o
                0x0800a438                USB_FlushTxFifo
 .text.USB_FlushRxFifo
                0x0800a49c       0x5c ./Drivers/STM32F4xx_HAL_Driver/Src/stm32f4xx_ll_usb.o
                0x0800a49c                USB_FlushRxFifo
 .text.USB_SetDevSpeed
                0x0800a4f8       0x32 ./Drivers/STM32F4xx_HAL_Driver/Src/stm32f4xx_ll_usb.o
                0x0800a4f8                USB_SetDevSpeed
 .text.USB_GetDevSpeed
                0x0800a52a       0x4a ./Drivers/STM32F4xx_HAL_Driver/Src/stm32f4xx_ll_usb.o
                0x0800a52a                USB_GetDevSpeed
 .text.USB_ActivateEndpoint
                0x0800a574      0x10e ./Drivers/STM32F4xx_HAL_Driver/Src/stm32f4xx_ll_usb.o
                0x0800a574                USB_ActivateEndpoint
 *fill*         0x0800a682        0x2 
 .text.USB_DeactivateEndpoint
                0x0800a684      0x1b8 ./Drivers/STM32F4xx_HAL_Driver/Src/stm32f4xx_ll_usb.o
                0x0800a684                USB_DeactivateEndpoint
 .text.USB_EPStartXfer
                0x0800a83c      0x53c ./Drivers/STM32F4xx_HAL_Driver/Src/stm32f4xx_ll_usb.o
                0x0800a83c                USB_EPStartXfer
 .text.USB_EPStopXfer
                0x0800ad78      0x154 ./Drivers/STM32F4xx_HAL_Driver/Src/stm32f4xx_ll_usb.o
                0x0800ad78                USB_EPStopXfer
 .text.USB_WritePacket
                0x0800aecc       0x7c ./Drivers/STM32F4xx_HAL_Driver/Src/stm32f4xx_ll_usb.o
                0x0800aecc                USB_WritePacket
 .text.USB_ReadPacket
                0x0800af48       0xb0 ./Drivers/STM32F4xx_HAL_Driver/Src/stm32f4xx_ll_usb.o
                0x0800af48                USB_ReadPacket
 .text.USB_EPSetStall
                0x0800aff8       0xdc ./Drivers/STM32F4xx_HAL_Driver/Src/stm32f4xx_ll_usb.o
                0x0800aff8                USB_EPSetStall
 .text.USB_EPClearStall
                0x0800b0d4       0xcc ./Drivers/STM32F4xx_HAL_Driver/Src/stm32f4xx_ll_usb.o
                0x0800b0d4                USB_EPClearStall
 .text.USB_SetDevAddress
                0x0800b1a0       0x4c ./Drivers/STM32F4xx_HAL_Driver/Src/stm32f4xx_ll_usb.o
                0x0800b1a0                USB_SetDevAddress
 .text.USB_DevConnect
                0x0800b1ec       0x42 ./Drivers/STM32F4xx_HAL_Driver/Src/stm32f4xx_ll_usb.o
                0x0800b1ec                USB_DevConnect
 .text.USB_DevDisconnect
                0x0800b22e       0x42 ./Drivers/STM32F4xx_HAL_Driver/Src/stm32f4xx_ll_usb.o
                0x0800b22e                USB_DevDisconnect
 .text.USB_ReadInterrupts
                0x0800b270       0x26 ./Drivers/STM32F4xx_HAL_Driver/Src/stm32f4xx_ll_usb.o
                0x0800b270                USB_ReadInterrupts
 .text.USB_ReadDevAllOutEpInterrupt
                0x0800b296       0x34 ./Drivers/STM32F4xx_HAL_Driver/Src/stm32f4xx_ll_usb.o
                0x0800b296                USB_ReadDevAllOutEpInterrupt
 .text.USB_ReadDevAllInEpInterrupt
                0x0800b2ca       0x34 ./Drivers/STM32F4xx_HAL_Driver/Src/stm32f4xx_ll_usb.o
                0x0800b2ca                USB_ReadDevAllInEpInterrupt
 .text.USB_ReadDevOutEPInterrupt
                0x0800b2fe       0x3c ./Drivers/STM32F4xx_HAL_Driver/Src/stm32f4xx_ll_usb.o
                0x0800b2fe                USB_ReadDevOutEPInterrupt
 .text.USB_ReadDevInEPInterrupt
                0x0800b33a       0x5c ./Drivers/STM32F4xx_HAL_Driver/Src/stm32f4xx_ll_usb.o
                0x0800b33a                USB_ReadDevInEPInterrupt
 .text.USB_GetMode
                0x0800b396       0x1c ./Drivers/STM32F4xx_HAL_Driver/Src/stm32f4xx_ll_usb.o
                0x0800b396                USB_GetMode
 .text.USB_ActivateSetup
                0x0800b3b2       0x46 ./Drivers/STM32F4xx_HAL_Driver/Src/stm32f4xx_ll_usb.o
                0x0800b3b2                USB_ActivateSetup
 .text.USB_EP0_OutStart
                0x0800b3f8       0xbc ./Drivers/STM32F4xx_HAL_Driver/Src/stm32f4xx_ll_usb.o
                0x0800b3f8                USB_EP0_OutStart
 .text.USB_CoreReset
                0x0800b4b4       0x70 ./Drivers/STM32F4xx_HAL_Driver/Src/stm32f4xx_ll_usb.o
 .text.USBD_CDC_Init
                0x0800b524      0x1f0 ./Middlewares/ST/STM32_USB_Device_Library/Class/CDC/Src/usbd_cdc.o
 .text.USBD_CDC_DeInit
                0x0800b714      0x104 ./Middlewares/ST/STM32_USB_Device_Library/Class/CDC/Src/usbd_cdc.o
 .text.USBD_CDC_Setup
                0x0800b818      0x1b8 ./Middlewares/ST/STM32_USB_Device_Library/Class/CDC/Src/usbd_cdc.o
 .text.USBD_CDC_DataIn
                0x0800b9d0       0xfe ./Middlewares/ST/STM32_USB_Device_Library/Class/CDC/Src/usbd_cdc.o
 .text.USBD_CDC_DataOut
                0x0800bace       0x70 ./Middlewares/ST/STM32_USB_Device_Library/Class/CDC/Src/usbd_cdc.o
 .text.USBD_CDC_EP0_RxReady
                0x0800bb3e       0x74 ./Middlewares/ST/STM32_USB_Device_Library/Class/CDC/Src/usbd_cdc.o
 *fill*         0x0800bbb2        0x2 
 .text.USBD_CDC_GetFSCfgDesc
                0x0800bbb4       0x70 ./Middlewares/ST/STM32_USB_Device_Library/Class/CDC/Src/usbd_cdc.o
 .text.USBD_CDC_GetHSCfgDesc
                0x0800bc24       0x70 ./Middlewares/ST/STM32_USB_Device_Library/Class/CDC/Src/usbd_cdc.o
 .text.USBD_CDC_GetOtherSpeedCfgDesc
                0x0800bc94       0x70 ./Middlewares/ST/STM32_USB_Device_Library/Class/CDC/Src/usbd_cdc.o
 .text.USBD_CDC_GetDeviceQualifierDescriptor
                0x0800bd04       0x20 ./Middlewares/ST/STM32_USB_Device_Library/Class/CDC/Src/usbd_cdc.o
                0x0800bd04                USBD_CDC_GetDeviceQualifierDescriptor
 .text.USBD_CDC_RegisterInterface
                0x0800bd24       0x34 ./Middlewares/ST/STM32_USB_Device_Library/Class/CDC/Src/usbd_cdc.o
                0x0800bd24                USBD_CDC_RegisterInterface
 .text.USBD_CDC_SetTxBuffer
                0x0800bd58       0x44 ./Middlewares/ST/STM32_USB_Device_Library/Class/CDC/Src/usbd_cdc.o
                0x0800bd58                USBD_CDC_SetTxBuffer
 .text.USBD_CDC_SetRxBuffer
                0x0800bd9c       0x3a ./Middlewares/ST/STM32_USB_Device_Library/Class/CDC/Src/usbd_cdc.o
                0x0800bd9c                USBD_CDC_SetRxBuffer
 *fill*         0x0800bdd6        0x2 
 .text.USBD_CDC_TransmitPacket
                0x0800bdd8       0x80 ./Middlewares/ST/STM32_USB_Device_Library/Class/CDC/Src/usbd_cdc.o
                0x0800bdd8                USBD_CDC_TransmitPacket
 .text.USBD_CDC_ReceivePacket
                0x0800be58       0x6c ./Middlewares/ST/STM32_USB_Device_Library/Class/CDC/Src/usbd_cdc.o
                0x0800be58                USBD_CDC_ReceivePacket
 .text.USBD_Init
                0x0800bec4       0x60 ./Middlewares/ST/STM32_USB_Device_Library/Core/Src/usbd_core.o
                0x0800bec4                USBD_Init
 .text.USBD_RegisterClass
                0x0800bf24       0x6c ./Middlewares/ST/STM32_USB_Device_Library/Core/Src/usbd_core.o
                0x0800bf24                USBD_RegisterClass
 .text.USBD_Start
                0x0800bf90       0x18 ./Middlewares/ST/STM32_USB_Device_Library/Core/Src/usbd_core.o
                0x0800bf90                USBD_Start
 .text.USBD_RunTestMode
                0x0800bfa8       0x16 ./Middlewares/ST/STM32_USB_Device_Library/Core/Src/usbd_core.o
                0x0800bfa8                USBD_RunTestMode
 .text.USBD_SetClassConfig
                0x0800bfbe       0x38 ./Middlewares/ST/STM32_USB_Device_Library/Core/Src/usbd_core.o
                0x0800bfbe                USBD_SetClassConfig
 .text.USBD_ClrClassConfig
                0x0800bff6       0x34 ./Middlewares/ST/STM32_USB_Device_Library/Core/Src/usbd_core.o
                0x0800bff6                USBD_ClrClassConfig
 .text.USBD_LL_SetupStage
                0x0800c02a       0xaa ./Middlewares/ST/STM32_USB_Device_Library/Core/Src/usbd_core.o
                0x0800c02a                USBD_LL_SetupStage
 .text.USBD_LL_DataOutStage
                0x0800c0d4      0x178 ./Middlewares/ST/STM32_USB_Device_Library/Core/Src/usbd_core.o
                0x0800c0d4                USBD_LL_DataOutStage
 .text.USBD_LL_DataInStage
                0x0800c24c      0x176 ./Middlewares/ST/STM32_USB_Device_Library/Core/Src/usbd_core.o
                0x0800c24c                USBD_LL_DataInStage
 .text.USBD_LL_Reset
                0x0800c3c2       0xa6 ./Middlewares/ST/STM32_USB_Device_Library/Core/Src/usbd_core.o
                0x0800c3c2                USBD_LL_Reset
 .text.USBD_LL_SetSpeed
                0x0800c468       0x20 ./Middlewares/ST/STM32_USB_Device_Library/Core/Src/usbd_core.o
                0x0800c468                USBD_LL_SetSpeed
 .text.USBD_LL_Suspend
                0x0800c488       0x38 ./Middlewares/ST/STM32_USB_Device_Library/Core/Src/usbd_core.o
                0x0800c488                USBD_LL_Suspend
 .text.USBD_LL_Resume
                0x0800c4c0       0x30 ./Middlewares/ST/STM32_USB_Device_Library/Core/Src/usbd_core.o
                0x0800c4c0                USBD_LL_Resume
 .text.USBD_LL_SOF
                0x0800c4f0       0x40 ./Middlewares/ST/STM32_USB_Device_Library/Core/Src/usbd_core.o
                0x0800c4f0                USBD_LL_SOF
 .text.USBD_LL_IsoINIncomplete
                0x0800c530       0x64 ./Middlewares/ST/STM32_USB_Device_Library/Core/Src/usbd_core.o
                0x0800c530                USBD_LL_IsoINIncomplete
 .text.USBD_LL_IsoOUTIncomplete
                0x0800c594       0x64 ./Middlewares/ST/STM32_USB_Device_Library/Core/Src/usbd_core.o
                0x0800c594                USBD_LL_IsoOUTIncomplete
 .text.USBD_LL_DevConnected
                0x0800c5f8       0x16 ./Middlewares/ST/STM32_USB_Device_Library/Core/Src/usbd_core.o
                0x0800c5f8                USBD_LL_DevConnected
 .text.USBD_LL_DevDisconnected
                0x0800c60e       0x46 ./Middlewares/ST/STM32_USB_Device_Library/Core/Src/usbd_core.o
                0x0800c60e                USBD_LL_DevDisconnected
 .text.USBD_CoreFindIF
                0x0800c654       0x1a ./Middlewares/ST/STM32_USB_Device_Library/Core/Src/usbd_core.o
                0x0800c654                USBD_CoreFindIF
 .text.USBD_CoreFindEP
                0x0800c66e       0x1a ./Middlewares/ST/STM32_USB_Device_Library/Core/Src/usbd_core.o
                0x0800c66e                USBD_CoreFindEP
 .text.USBD_GetEpDesc
                0x0800c688       0x70 ./Middlewares/ST/STM32_USB_Device_Library/Core/Src/usbd_core.o
                0x0800c688                USBD_GetEpDesc
 .text.USBD_GetNextDesc
                0x0800c6f8       0x38 ./Middlewares/ST/STM32_USB_Device_Library/Core/Src/usbd_core.o
                0x0800c6f8                USBD_GetNextDesc
 .text.SWAPBYTE
                0x0800c730       0x3e ./Middlewares/ST/STM32_USB_Device_Library/Core/Src/usbd_ctlreq.o
 *fill*         0x0800c76e        0x2 
 .text.USBD_StdDevReq
                0x0800c770       0xe4 ./Middlewares/ST/STM32_USB_Device_Library/Core/Src/usbd_ctlreq.o
                0x0800c770                USBD_StdDevReq
 .text.USBD_StdItfReq
                0x0800c854       0xd8 ./Middlewares/ST/STM32_USB_Device_Library/Core/Src/usbd_ctlreq.o
                0x0800c854                USBD_StdItfReq
 .text.USBD_StdEPReq
                0x0800c92c      0x33e ./Middlewares/ST/STM32_USB_Device_Library/Core/Src/usbd_ctlreq.o
                0x0800c92c                USBD_StdEPReq
 *fill*         0x0800cc6a        0x2 
 .text.USBD_GetDescriptor
                0x0800cc6c      0x2d4 ./Middlewares/ST/STM32_USB_Device_Library/Core/Src/usbd_ctlreq.o
 .text.USBD_SetAddress
                0x0800cf40       0x88 ./Middlewares/ST/STM32_USB_Device_Library/Core/Src/usbd_ctlreq.o
 .text.USBD_SetConfig
                0x0800cfc8      0x154 ./Middlewares/ST/STM32_USB_Device_Library/Core/Src/usbd_ctlreq.o
 .text.USBD_GetConfig
                0x0800d11c       0x6c ./Middlewares/ST/STM32_USB_Device_Library/Core/Src/usbd_ctlreq.o
 .text.USBD_GetStatus
                0x0800d188       0x68 ./Middlewares/ST/STM32_USB_Device_Library/Core/Src/usbd_ctlreq.o
 .text.USBD_SetFeature
                0x0800d1f0       0x52 ./Middlewares/ST/STM32_USB_Device_Library/Core/Src/usbd_ctlreq.o
 .text.USBD_ClrFeature
                0x0800d242       0x44 ./Middlewares/ST/STM32_USB_Device_Library/Core/Src/usbd_ctlreq.o
 .text.USBD_ParseSetupRequest
                0x0800d286       0x74 ./Middlewares/ST/STM32_USB_Device_Library/Core/Src/usbd_ctlreq.o
                0x0800d286                USBD_ParseSetupRequest
 .text.USBD_CtlError
                0x0800d2fa       0x22 ./Middlewares/ST/STM32_USB_Device_Library/Core/Src/usbd_ctlreq.o
                0x0800d2fa                USBD_CtlError
 .text.USBD_GetString
                0x0800d31c       0xa4 ./Middlewares/ST/STM32_USB_Device_Library/Core/Src/usbd_ctlreq.o
                0x0800d31c                USBD_GetString
 .text.USBD_GetLen
                0x0800d3c0       0x34 ./Middlewares/ST/STM32_USB_Device_Library/Core/Src/usbd_ctlreq.o
 .text.USBD_CtlSendData
                0x0800d3f4       0x3c ./Middlewares/ST/STM32_USB_Device_Library/Core/Src/usbd_ioreq.o
                0x0800d3f4                USBD_CtlSendData
 .text.USBD_CtlContinueSendData
                0x0800d430       0x22 ./Middlewares/ST/STM32_USB_Device_Library/Core/Src/usbd_ioreq.o
                0x0800d430                USBD_CtlContinueSendData
 .text.USBD_CtlPrepareRx
                0x0800d452       0x42 ./Middlewares/ST/STM32_USB_Device_Library/Core/Src/usbd_ioreq.o
                0x0800d452                USBD_CtlPrepareRx
 .text.USBD_CtlContinueRx
                0x0800d494       0x22 ./Middlewares/ST/STM32_USB_Device_Library/Core/Src/usbd_ioreq.o
                0x0800d494                USBD_CtlContinueRx
 .text.USBD_CtlSendStatus
                0x0800d4b6       0x26 ./Middlewares/ST/STM32_USB_Device_Library/Core/Src/usbd_ioreq.o
                0x0800d4b6                USBD_CtlSendStatus
 .text.USBD_CtlReceiveStatus
                0x0800d4dc       0x26 ./Middlewares/ST/STM32_USB_Device_Library/Core/Src/usbd_ioreq.o
                0x0800d4dc                USBD_CtlReceiveStatus
 *fill*         0x0800d502        0x2 
 .text.MX_USB_DEVICE_Init
                0x0800d504       0x60 ./USB_DEVICE/App/usb_device.o
                0x0800d504                MX_USB_DEVICE_Init
 .text.CDC_Init_FS
                0x0800d564       0x28 ./USB_DEVICE/App/usbd_cdc_if.o
 .text.CDC_DeInit_FS
                0x0800d58c       0x10 ./USB_DEVICE/App/usbd_cdc_if.o
 .text.CDC_Control_FS
                0x0800d59c      0x15c ./USB_DEVICE/App/usbd_cdc_if.o
 .text.CDC_Receive_FS
                0x0800d6f8       0x40 ./USB_DEVICE/App/usbd_cdc_if.o
 .text.CDC_Transmit_FS
                0x0800d738       0x4c ./USB_DEVICE/App/usbd_cdc_if.o
                0x0800d738                CDC_Transmit_FS
 .text.CDC_TransmitCplt_FS
                0x0800d784       0x22 ./USB_DEVICE/App/usbd_cdc_if.o
 *fill*         0x0800d7a6        0x2 
 .text.CDC_Attach_Rx
                0x0800d7a8       0x20 ./USB_DEVICE/App/usbd_cdc_if.o
                0x0800d7a8                CDC_Attach_Rx
 .text.USBD_FS_DeviceDescriptor
                0x0800d7c8       0x24 ./USB_DEVICE/App/usbd_desc.o
                0x0800d7c8                USBD_FS_DeviceDescriptor
 .text.USBD_FS_LangIDStrDescriptor
                0x0800d7ec       0x24 ./USB_DEVICE/App/usbd_desc.o
                0x0800d7ec                USBD_FS_LangIDStrDescriptor
 .text.USBD_FS_ProductStrDescriptor
                0x0800d810       0x3c ./USB_DEVICE/App/usbd_desc.o
                0x0800d810                USBD_FS_ProductStrDescriptor
 .text.USBD_FS_ManufacturerStrDescriptor
                0x0800d84c       0x28 ./USB_DEVICE/App/usbd_desc.o
                0x0800d84c                USBD_FS_ManufacturerStrDescriptor
 .text.USBD_FS_SerialStrDescriptor
                0x0800d874       0x24 ./USB_DEVICE/App/usbd_desc.o
                0x0800d874                USBD_FS_SerialStrDescriptor
 .text.USBD_FS_ConfigStrDescriptor
                0x0800d898       0x3c ./USB_DEVICE/App/usbd_desc.o
                0x0800d898                USBD_FS_ConfigStrDescriptor
 .text.USBD_FS_InterfaceStrDescriptor
                0x0800d8d4       0x3c ./USB_DEVICE/App/usbd_desc.o
                0x0800d8d4                USBD_FS_InterfaceStrDescriptor
 .text.Get_SerialNum
                0x0800d910       0x58 ./USB_DEVICE/App/usbd_desc.o
 .text.IntToUnicode
                0x0800d968       0x7e ./USB_DEVICE/App/usbd_desc.o
 *fill*         0x0800d9e6        0x2 
 .text.HAL_PCD_MspInit
                0x0800d9e8       0xa8 ./USB_DEVICE/Target/usbd_conf.o
                0x0800d9e8                HAL_PCD_MspInit
 .text.HAL_PCD_SetupStageCallback
                0x0800da90       0x24 ./USB_DEVICE/Target/usbd_conf.o
                0x0800da90                HAL_PCD_SetupStageCallback
 .text.HAL_PCD_DataOutStageCallback
                0x0800dab4       0x36 ./USB_DEVICE/Target/usbd_conf.o
                0x0800dab4                HAL_PCD_DataOutStageCallback
 .text.HAL_PCD_DataInStageCallback
                0x0800daea       0x34 ./USB_DEVICE/Target/usbd_conf.o
                0x0800daea                HAL_PCD_DataInStageCallback
 .text.HAL_PCD_SOFCallback
                0x0800db1e       0x1c ./USB_DEVICE/Target/usbd_conf.o
                0x0800db1e                HAL_PCD_SOFCallback
 .text.HAL_PCD_ResetCallback
                0x0800db3a       0x3c ./USB_DEVICE/Target/usbd_conf.o
                0x0800db3a                HAL_PCD_ResetCallback
 *fill*         0x0800db76        0x2 
 .text.HAL_PCD_SuspendCallback
                0x0800db78       0x4c ./USB_DEVICE/Target/usbd_conf.o
                0x0800db78                HAL_PCD_SuspendCallback
 .text.HAL_PCD_ResumeCallback
                0x0800dbc4       0x1c ./USB_DEVICE/Target/usbd_conf.o
                0x0800dbc4                HAL_PCD_ResumeCallback
 .text.HAL_PCD_ISOOUTIncompleteCallback
                0x0800dbe0       0x24 ./USB_DEVICE/Target/usbd_conf.o
                0x0800dbe0                HAL_PCD_ISOOUTIncompleteCallback
 .text.HAL_PCD_ISOINIncompleteCallback
                0x0800dc04       0x24 ./USB_DEVICE/Target/usbd_conf.o
                0x0800dc04                HAL_PCD_ISOINIncompleteCallback
 .text.HAL_PCD_ConnectCallback
                0x0800dc28       0x1c ./USB_DEVICE/Target/usbd_conf.o
                0x0800dc28                HAL_PCD_ConnectCallback
 .text.HAL_PCD_DisconnectCallback
                0x0800dc44       0x1c ./USB_DEVICE/Target/usbd_conf.o
                0x0800dc44                HAL_PCD_DisconnectCallback
 .text.USBD_LL_Init
                0x0800dc60       0x98 ./USB_DEVICE/Target/usbd_conf.o
                0x0800dc60                USBD_LL_Init
 .text.USBD_LL_Start
                0x0800dcf8       0x36 ./USB_DEVICE/Target/usbd_conf.o
                0x0800dcf8                USBD_LL_Start
 .text.USBD_LL_OpenEP
                0x0800dd2e       0x4c ./USB_DEVICE/Target/usbd_conf.o
                0x0800dd2e                USBD_LL_OpenEP
 .text.USBD_LL_CloseEP
                0x0800dd7a       0x3e ./USB_DEVICE/Target/usbd_conf.o
                0x0800dd7a                USBD_LL_CloseEP
 .text.USBD_LL_StallEP
                0x0800ddb8       0x3e ./USB_DEVICE/Target/usbd_conf.o
                0x0800ddb8                USBD_LL_StallEP
 .text.USBD_LL_ClearStallEP
                0x0800ddf6       0x3e ./USB_DEVICE/Target/usbd_conf.o
                0x0800ddf6                USBD_LL_ClearStallEP
 .text.USBD_LL_IsStallEP
                0x0800de34       0x58 ./USB_DEVICE/Target/usbd_conf.o
                0x0800de34                USBD_LL_IsStallEP
 .text.USBD_LL_SetUSBAddress
                0x0800de8c       0x3e ./USB_DEVICE/Target/usbd_conf.o
                0x0800de8c                USBD_LL_SetUSBAddress
 .text.USBD_LL_Transmit
                0x0800deca       0x42 ./USB_DEVICE/Target/usbd_conf.o
                0x0800deca                USBD_LL_Transmit
 .text.USBD_LL_PrepareReceive
                0x0800df0c       0x42 ./USB_DEVICE/Target/usbd_conf.o
                0x0800df0c                USBD_LL_PrepareReceive
 .text.USBD_LL_GetRxDataSize
                0x0800df4e       0x26 ./USB_DEVICE/Target/usbd_conf.o
                0x0800df4e                USBD_LL_GetRxDataSize
 .text.USBD_static_malloc
                0x0800df74       0x1c ./USB_DEVICE/Target/usbd_conf.o
                0x0800df74                USBD_static_malloc
 .text.USBD_static_free
                0x0800df90       0x14 ./USB_DEVICE/Target/usbd_conf.o
                0x0800df90                USBD_static_free
 .text.USBD_Get_USB_Status
                0x0800dfa4       0x58 ./USB_DEVICE/Target/usbd_conf.o
                0x0800dfa4                USBD_Get_USB_Status
 .text.memset   0x0800dffc       0x10 C:/ST/STM32CubeIDE_1.18.1/STM32CubeIDE/plugins/com.st.stm32cube.ide.mcu.externaltools.gnu-tools-for-stm32.13.3.rel1.win32_1.0.0.202411081344/tools/bin/../lib/gcc/arm-none-eabi/13.3.1/../../../../arm-none-eabi/lib/thumb/v7e-m+fp/hard\libc_nano.a(libc_a-memset.o)
                0x0800dffc                memset
 .text.__libc_init_array
                0x0800e00c       0x48 C:/ST/STM32CubeIDE_1.18.1/STM32CubeIDE/plugins/com.st.stm32cube.ide.mcu.externaltools.gnu-tools-for-stm32.13.3.rel1.win32_1.0.0.202411081344/tools/bin/../lib/gcc/arm-none-eabi/13.3.1/../../../../arm-none-eabi/lib/thumb/v7e-m+fp/hard\libc_nano.a(libc_a-init.o)
                0x0800e00c                __libc_init_array
 *(.glue_7)
 .glue_7        0x0800e054        0x0 linker stubs
 *(.glue_7t)
 .glue_7t       0x0800e054        0x0 linker stubs
 *(.eh_frame)
 .eh_frame      0x0800e054        0x0 C:/ST/STM32CubeIDE_1.18.1/STM32CubeIDE/plugins/com.st.stm32cube.ide.mcu.externaltools.gnu-tools-for-stm32.13.3.rel1.win32_1.0.0.202411081344/tools/bin/../lib/gcc/arm-none-eabi/13.3.1/thumb/v7e-m+fp/hard/crtbegin.o
 *(.init)
 .init          0x0800e054        0x4 C:/ST/STM32CubeIDE_1.18.1/STM32CubeIDE/plugins/com.st.stm32cube.ide.mcu.externaltools.gnu-tools-for-stm32.13.3.rel1.win32_1.0.0.202411081344/tools/bin/../lib/gcc/arm-none-eabi/13.3.1/thumb/v7e-m+fp/hard/crti.o
                0x0800e054                _init
 .init          0x0800e058        0x8 C:/ST/STM32CubeIDE_1.18.1/STM32CubeIDE/plugins/com.st.stm32cube.ide.mcu.externaltools.gnu-tools-for-stm32.13.3.rel1.win32_1.0.0.202411081344/tools/bin/../lib/gcc/arm-none-eabi/13.3.1/thumb/v7e-m+fp/hard/crtn.o
 *(.fini)
 .fini          0x0800e060        0x4 C:/ST/STM32CubeIDE_1.18.1/STM32CubeIDE/plugins/com.st.stm32cube.ide.mcu.externaltools.gnu-tools-for-stm32.13.3.rel1.win32_1.0.0.202411081344/tools/bin/../lib/gcc/arm-none-eabi/13.3.1/thumb/v7e-m+fp/hard/crti.o
                0x0800e060                _fini
 .fini          0x0800e064        0x8 C:/ST/STM32CubeIDE_1.18.1/STM32CubeIDE/plugins/com.st.stm32cube.ide.mcu.externaltools.gnu-tools-for-stm32.13.3.rel1.win32_1.0.0.202411081344/tools/bin/../lib/gcc/arm-none-eabi/13.3.1/thumb/v7e-m+fp/hard/crtn.o
                0x0800e06c                        . = ALIGN (0x4)
                0x0800e06c                        _etext = .

.vfp11_veneer   0x0800e06c        0x0
 .vfp11_veneer  0x0800e06c        0x0 linker stubs

.v4_bx          0x0800e06c        0x0
 .v4_bx         0x0800e06c        0x0 linker stubs

.iplt           0x0800e06c        0x0
 .iplt          0x0800e06c        0x0 C:/ST/STM32CubeIDE_1.18.1/STM32CubeIDE/plugins/com.st.stm32cube.ide.mcu.externaltools.gnu-tools-for-stm32.13.3.rel1.win32_1.0.0.202411081344/tools/bin/../lib/gcc/arm-none-eabi/13.3.1/thumb/v7e-m+fp/hard/crtbegin.o

.rodata         0x0800e06c       0xe0
                0x0800e06c                        . = ALIGN (0x4)
 *(.rodata)
 .rodata        0x0800e06c       0x46 ./USB_DEVICE/App/usbd_desc.o
 *(.rodata*)
 *fill*         0x0800e0b2        0x2 
 .rodata.Index_to_Bar
                0x0800e0b4       0x27 ./Core/Src/main.o
                0x0800e0b4                Index_to_Bar
 *fill*         0x0800e0db        0x1 
 .rodata.ADC_to_Index
                0x0800e0dc       0x4e ./Core/Src/main.o
                0x0800e0dc                ADC_to_Index
 *fill*         0x0800e12a        0x2 
 .rodata.AHBPrescTable
                0x0800e12c       0x10 ./Core/Src/system_stm32f4xx.o
                0x0800e12c                AHBPrescTable
 .rodata.APBPrescTable
                0x0800e13c        0x8 ./Core/Src/system_stm32f4xx.o
                0x0800e13c                APBPrescTable
 .rodata.flagBitshiftOffset.0
                0x0800e144        0x8 ./Drivers/STM32F4xx_HAL_Driver/Src/stm32f4xx_hal_dma.o
                0x0800e14c                        . = ALIGN (0x4)

.ARM.extab      0x0800e14c        0x0
                0x0800e14c                        . = ALIGN (0x4)
 *(.ARM.extab* .gnu.linkonce.armextab.*)
                0x0800e14c                        . = ALIGN (0x4)

.ARM            0x0800e14c        0x8
                0x0800e14c                        . = ALIGN (0x4)
                0x0800e14c                        __exidx_start = .
 *(.ARM.exidx*)
 .ARM.exidx     0x0800e14c        0x8 C:/ST/STM32CubeIDE_1.18.1/STM32CubeIDE/plugins/com.st.stm32cube.ide.mcu.externaltools.gnu-tools-for-stm32.13.3.rel1.win32_1.0.0.202411081344/tools/bin/../lib/gcc/arm-none-eabi/13.3.1/thumb/v7e-m+fp/hard\libgcc.a(_udivmoddi4.o)
                0x0800e154                        __exidx_end = .
                0x0800e154                        . = ALIGN (0x4)

.preinit_array  0x0800e154        0x0
                0x0800e154                        . = ALIGN (0x4)
                0x0800e154                        PROVIDE (__preinit_array_start = .)
 *(.preinit_array*)
                0x0800e154                        PROVIDE (__preinit_array_end = .)
                0x0800e154                        . = ALIGN (0x4)

.init_array     0x0800e154        0x4
                0x0800e154                        . = ALIGN (0x4)
                0x0800e154                        PROVIDE (__init_array_start = .)
 *(SORT_BY_NAME(.init_array.*))
 *(.init_array*)
 .init_array    0x0800e154        0x4 C:/ST/STM32CubeIDE_1.18.1/STM32CubeIDE/plugins/com.st.stm32cube.ide.mcu.externaltools.gnu-tools-for-stm32.13.3.rel1.win32_1.0.0.202411081344/tools/bin/../lib/gcc/arm-none-eabi/13.3.1/thumb/v7e-m+fp/hard/crtbegin.o
                0x0800e158                        PROVIDE (__init_array_end = .)
                0x0800e158                        . = ALIGN (0x4)

.fini_array     0x0800e158        0x4
                0x0800e158                        . = ALIGN (0x4)
                [!provide]                        PROVIDE (__fini_array_start = .)
 *(SORT_BY_NAME(.fini_array.*))
 *(.fini_array*)
 .fini_array    0x0800e158        0x4 C:/ST/STM32CubeIDE_1.18.1/STM32CubeIDE/plugins/com.st.stm32cube.ide.mcu.externaltools.gnu-tools-for-stm32.13.3.rel1.win32_1.0.0.202411081344/tools/bin/../lib/gcc/arm-none-eabi/13.3.1/thumb/v7e-m+fp/hard/crtbegin.o
                [!provide]                        PROVIDE (__fini_array_end = .)
                0x0800e15c                        . = ALIGN (0x4)
                0x0800e15c                        _sidata = LOADADDR (.data)

.rel.dyn        0x0800e15c        0x0
 .rel.iplt      0x0800e15c        0x0 C:/ST/STM32CubeIDE_1.18.1/STM32CubeIDE/plugins/com.st.stm32cube.ide.mcu.externaltools.gnu-tools-for-stm32.13.3.rel1.win32_1.0.0.202411081344/tools/bin/../lib/gcc/arm-none-eabi/13.3.1/thumb/v7e-m+fp/hard/crtbegin.o

.data           0x20000000      0x108 load address 0x0800e15c
                0x20000000                        . = ALIGN (0x4)
                0x20000000                        _sdata = .
 *(.data)
 *(.data*)
 .data.is10ms   0x20000000        0x1 ./Core/Src/main.o
                0x20000000                is10ms
 .data.is100ms  0x20000001        0x1 ./Core/Src/main.o
                0x20000001                is100ms
 .data.is250ms  0x20000002        0x1 ./Core/Src/main.o
                0x20000002                is250ms
 *fill*         0x20000003        0x1 
 .data.SystemCoreClock
                0x20000004        0x4 ./Core/Src/system_stm32f4xx.o
                0x20000004                SystemCoreClock
 .data.uwTickPrio
                0x20000008        0x4 ./Drivers/STM32F4xx_HAL_Driver/Src/stm32f4xx_hal.o
                0x20000008                uwTickPrio
 .data.uwTickFreq
                0x2000000c        0x1 ./Drivers/STM32F4xx_HAL_Driver/Src/stm32f4xx_hal.o
                0x2000000c                uwTickFreq
 *fill*         0x2000000d        0x3 
 .data.USBD_CDC_DeviceQualifierDesc
                0x20000010        0xa ./Middlewares/ST/STM32_USB_Device_Library/Class/CDC/Src/usbd_cdc.o
 *fill*         0x2000001a        0x2 
 .data.USBD_CDC
                0x2000001c       0x38 ./Middlewares/ST/STM32_USB_Device_Library/Class/CDC/Src/usbd_cdc.o
                0x2000001c                USBD_CDC
 .data.USBD_CDC_CfgDesc
                0x20000054       0x43 ./Middlewares/ST/STM32_USB_Device_Library/Class/CDC/Src/usbd_cdc.o
 .data.CDCInEpAdd
                0x20000097        0x1 ./Middlewares/ST/STM32_USB_Device_Library/Class/CDC/Src/usbd_cdc.o
 .data.CDCOutEpAdd
                0x20000098        0x1 ./Middlewares/ST/STM32_USB_Device_Library/Class/CDC/Src/usbd_cdc.o
 .data.CDCCmdEpAdd
                0x20000099        0x1 ./Middlewares/ST/STM32_USB_Device_Library/Class/CDC/Src/usbd_cdc.o
 *fill*         0x2000009a        0x2 
 .data.LineCoding
                0x2000009c        0x8 ./USB_DEVICE/App/usbd_cdc_if.o
                0x2000009c                LineCoding
 .data.USBD_Interface_fops_FS
                0x200000a4       0x14 ./USB_DEVICE/App/usbd_cdc_if.o
                0x200000a4                USBD_Interface_fops_FS
 .data.FS_Desc  0x200000b8       0x1c ./USB_DEVICE/App/usbd_desc.o
                0x200000b8                FS_Desc
 .data.USBD_FS_DeviceDesc
                0x200000d4       0x12 ./USB_DEVICE/App/usbd_desc.o
                0x200000d4                USBD_FS_DeviceDesc
 *fill*         0x200000e6        0x2 
 .data.USBD_LangIDDesc
                0x200000e8        0x4 ./USB_DEVICE/App/usbd_desc.o
                0x200000e8                USBD_LangIDDesc
 .data.USBD_StringSerial
                0x200000ec       0x1a ./USB_DEVICE/App/usbd_desc.o
                0x200000ec                USBD_StringSerial
 *(.RamFunc)
 *(.RamFunc*)
                0x20000108                        . = ALIGN (0x4)
 *fill*         0x20000106        0x2 
                0x20000108                        _edata = .

.igot.plt       0x20000108        0x0 load address 0x0800e264
 .igot.plt      0x20000108        0x0 C:/ST/STM32CubeIDE_1.18.1/STM32CubeIDE/plugins/com.st.stm32cube.ide.mcu.externaltools.gnu-tools-for-stm32.13.3.rel1.win32_1.0.0.202411081344/tools/bin/../lib/gcc/arm-none-eabi/13.3.1/thumb/v7e-m+fp/hard/crtbegin.o
                0x20000108                        . = ALIGN (0x4)

.bss            0x20000108     0x19e8 load address 0x0800e264
                0x20000108                        _sbss = .
                0x20000108                        __bss_start__ = _sbss
 *(.bss)
 .bss           0x20000108       0x1c C:/ST/STM32CubeIDE_1.18.1/STM32CubeIDE/plugins/com.st.stm32cube.ide.mcu.externaltools.gnu-tools-for-stm32.13.3.rel1.win32_1.0.0.202411081344/tools/bin/../lib/gcc/arm-none-eabi/13.3.1/thumb/v7e-m+fp/hard/crtbegin.o
 *(.bss*)
 .bss.hadc1     0x20000124       0x48 ./Core/Src/main.o
                0x20000124                hadc1
 .bss.hdma_adc1
                0x2000016c       0x60 ./Core/Src/main.o
                0x2000016c                hdma_adc1
 .bss.hi2c1     0x200001cc       0x54 ./Core/Src/main.o
                0x200001cc                hi2c1
 .bss.hdma_i2c1_tx
                0x20000220       0x60 ./Core/Src/main.o
                0x20000220                hdma_i2c1_tx
 .bss.hdma_i2c1_rx
                0x20000280       0x60 ./Core/Src/main.o
                0x20000280                hdma_i2c1_rx
 .bss.htim3     0x200002e0       0x48 ./Core/Src/main.o
                0x200002e0                htim3
 .bss.htim10    0x20000328       0x48 ./Core/Src/main.o
                0x20000328                htim10
 .bss.htim11    0x20000370       0x48 ./Core/Src/main.o
                0x20000370                htim11
 .bss.dataRx    0x200003b8       0x10 ./Core/Src/main.o
                0x200003b8                dataRx
 .bss.dataTx    0x200003c8        0xc ./Core/Src/main.o
                0x200003c8                dataTx
 .bss.buffRx    0x200003d4      0x100 ./Core/Src/main.o
                0x200003d4                buffRx
 .bss.buffTx    0x200004d4      0x100 ./Core/Src/main.o
                0x200004d4                buffTx
 .bss.mpuValues
                0x200005d4       0xcc ./Core/Src/main.o
                0x200005d4                mpuValues
 .bss.nBytesTx  0x200006a0        0x1 ./Core/Src/main.o
                0x200006a0                nBytesTx
 *fill*         0x200006a1        0x3 
 .bss.adcraws   0x200006a4       0x10 ./Core/Src/main.o
                0x200006a4                adcraws
 .bss.adcUSB    0x200006b4       0x10 ./Core/Src/main.o
                0x200006b4                adcUSB
 .bss.motorL    0x200006c4        0x6 ./Core/Src/main.o
                0x200006c4                motorL
 *fill*         0x200006ca        0x2 
 .bss.motorR    0x200006cc        0x6 ./Core/Src/main.o
                0x200006cc                motorR
 *fill*         0x200006d2        0x2 
 .bss.myWord    0x200006d4        0x4 ./Core/Src/main.o
                0x200006d4                myWord
 .bss.I2C_Recive
                0x200006d8        0x4 ./Core/Src/mpu6050.o
 .bss.I2C_Transmit
                0x200006dc        0x4 ./Core/Src/mpu6050.o
 .bss.I2C_Recive_Blocking
                0x200006e0        0x4 ./Core/Src/mpu6050.o
 .bss.I2C_Transmit_Blocking
                0x200006e4        0x4 ./Core/Src/mpu6050.o
 .bss.SSD1306_Buffer
                0x200006e8      0x400 ./Core/Src/ssd1306_oled.o
 .bss.I2C_DMA_Master_Transmit
                0x20000ae8        0x4 ./Core/Src/ssd1306_oled.o
 .bss.I2C_Master_Transmit_Blocking
                0x20000aec        0x4 ./Core/Src/ssd1306_oled.o
 .bss.SSD1306   0x20000af0       0x12 ./Core/Src/ssd1306_oled.o
 *fill*         0x20000b02        0x2 
 .bss.uwTick    0x20000b04        0x4 ./Drivers/STM32F4xx_HAL_Driver/Src/stm32f4xx_hal.o
                0x20000b04                uwTick
 .bss.cfgidx.0  0x20000b08        0x1 ./Middlewares/ST/STM32_USB_Device_Library/Core/Src/usbd_ctlreq.o
 *fill*         0x20000b09        0x3 
 .bss.hUsbDeviceFS
                0x20000b0c      0x2dc ./USB_DEVICE/App/usb_device.o
                0x20000b0c                hUsbDeviceFS
 .bss.UserRxBufferFS
                0x20000de8      0x200 ./USB_DEVICE/App/usbd_cdc_if.o
                0x20000de8                UserRxBufferFS
 .bss.UserTxBufferFS
                0x20000fe8      0x200 ./USB_DEVICE/App/usbd_cdc_if.o
                0x20000fe8                UserTxBufferFS
 .bss.MyPtrRx   0x200011e8        0x4 ./USB_DEVICE/App/usbd_cdc_if.o
 .bss.USBD_StrDesc
                0x200011ec      0x200 ./USB_DEVICE/App/usbd_desc.o
                0x200011ec                USBD_StrDesc
 .bss.hpcd_USB_OTG_FS
                0x200013ec      0x4e4 ./USB_DEVICE/Target/usbd_conf.o
                0x200013ec                hpcd_USB_OTG_FS
 .bss.mem.0     0x200018d0      0x220 ./USB_DEVICE/Target/usbd_conf.o
 *(COMMON)
                0x20001af0                        . = ALIGN (0x4)
                0x20001af0                        _ebss = .
                0x20001af0                        __bss_end__ = _ebss

._user_heap_stack
                0x20001af0      0x600 load address 0x0800e264
                0x20001af0                        . = ALIGN (0x8)
                [!provide]                        PROVIDE (end = .)
                0x20001af0                        PROVIDE (_end = .)
                0x20001cf0                        . = (. + _Min_Heap_Size)
 *fill*         0x20001af0      0x200 
                0x200020f0                        . = (. + _Min_Stack_Size)
 *fill*         0x20001cf0      0x400 
                0x200020f0                        . = ALIGN (0x8)

/DISCARD/
 libc.a(*)
 libm.a(*)
 libgcc.a(*)

.ARM.attributes
                0x00000000       0x30
 *(.ARM.attributes)
 .ARM.attributes
                0x00000000       0x22 C:/ST/STM32CubeIDE_1.18.1/STM32CubeIDE/plugins/com.st.stm32cube.ide.mcu.externaltools.gnu-tools-for-stm32.13.3.rel1.win32_1.0.0.202411081344/tools/bin/../lib/gcc/arm-none-eabi/13.3.1/thumb/v7e-m+fp/hard/crti.o
 .ARM.attributes
                0x00000022       0x34 C:/ST/STM32CubeIDE_1.18.1/STM32CubeIDE/plugins/com.st.stm32cube.ide.mcu.externaltools.gnu-tools-for-stm32.13.3.rel1.win32_1.0.0.202411081344/tools/bin/../lib/gcc/arm-none-eabi/13.3.1/thumb/v7e-m+fp/hard/crtbegin.o
 .ARM.attributes
                0x00000056       0x34 ./Core/Src/main.o
 .ARM.attributes
                0x0000008a       0x34 ./Core/Src/motores.o
 .ARM.attributes
                0x000000be       0x34 ./Core/Src/mpu6050.o
 .ARM.attributes
                0x000000f2       0x34 ./Core/Src/ssd1306_oled.o
 .ARM.attributes
                0x00000126       0x34 ./Core/Src/stm32f4xx_hal_msp.o
 .ARM.attributes
                0x0000015a       0x34 ./Core/Src/stm32f4xx_it.o
 .ARM.attributes
                0x0000018e       0x34 ./Core/Src/system_stm32f4xx.o
 .ARM.attributes
                0x000001c2       0x21 ./Core/Startup/startup_stm32f411ceux.o
 .ARM.attributes
                0x000001e3       0x34 ./Drivers/STM32F4xx_HAL_Driver/Src/stm32f4xx_hal.o
 .ARM.attributes
                0x00000217       0x34 ./Drivers/STM32F4xx_HAL_Driver/Src/stm32f4xx_hal_adc.o
 .ARM.attributes
                0x0000024b       0x34 ./Drivers/STM32F4xx_HAL_Driver/Src/stm32f4xx_hal_adc_ex.o
 .ARM.attributes
                0x0000027f       0x34 ./Drivers/STM32F4xx_HAL_Driver/Src/stm32f4xx_hal_cortex.o
 .ARM.attributes
                0x000002b3       0x34 ./Drivers/STM32F4xx_HAL_Driver/Src/stm32f4xx_hal_dma.o
 .ARM.attributes
                0x000002e7       0x34 ./Drivers/STM32F4xx_HAL_Driver/Src/stm32f4xx_hal_gpio.o
 .ARM.attributes
                0x0000031b       0x34 ./Drivers/STM32F4xx_HAL_Driver/Src/stm32f4xx_hal_i2c.o
 .ARM.attributes
                0x0000034f       0x34 ./Drivers/STM32F4xx_HAL_Driver/Src/stm32f4xx_hal_pcd.o
 .ARM.attributes
                0x00000383       0x34 ./Drivers/STM32F4xx_HAL_Driver/Src/stm32f4xx_hal_pcd_ex.o
 .ARM.attributes
                0x000003b7       0x34 ./Drivers/STM32F4xx_HAL_Driver/Src/stm32f4xx_hal_rcc.o
 .ARM.attributes
                0x000003eb       0x34 ./Drivers/STM32F4xx_HAL_Driver/Src/stm32f4xx_hal_tim.o
 .ARM.attributes
                0x0000041f       0x34 ./Drivers/STM32F4xx_HAL_Driver/Src/stm32f4xx_hal_tim_ex.o
 .ARM.attributes
                0x00000453       0x34 ./Drivers/STM32F4xx_HAL_Driver/Src/stm32f4xx_ll_usb.o
 .ARM.attributes
                0x00000487       0x34 ./Middlewares/ST/STM32_USB_Device_Library/Class/CDC/Src/usbd_cdc.o
 .ARM.attributes
                0x000004bb       0x34 ./Middlewares/ST/STM32_USB_Device_Library/Core/Src/usbd_core.o
 .ARM.attributes
                0x000004ef       0x34 ./Middlewares/ST/STM32_USB_Device_Library/Core/Src/usbd_ctlreq.o
 .ARM.attributes
                0x00000523       0x34 ./Middlewares/ST/STM32_USB_Device_Library/Core/Src/usbd_ioreq.o
 .ARM.attributes
                0x00000557       0x34 ./USB_DEVICE/App/usb_device.o
 .ARM.attributes
                0x0000058b       0x34 ./USB_DEVICE/App/usbd_cdc_if.o
 .ARM.attributes
                0x000005bf       0x34 ./USB_DEVICE/App/usbd_desc.o
 .ARM.attributes
                0x000005f3       0x34 ./USB_DEVICE/Target/usbd_conf.o
 .ARM.attributes
                0x00000627       0x34 C:/ST/STM32CubeIDE_1.18.1/STM32CubeIDE/plugins/com.st.stm32cube.ide.mcu.externaltools.gnu-tools-for-stm32.13.3.rel1.win32_1.0.0.202411081344/tools/bin/../lib/gcc/arm-none-eabi/13.3.1/../../../../arm-none-eabi/lib/thumb/v7e-m+fp/hard\libc_nano.a(libc_a-memset.o)
 .ARM.attributes
                0x0000065b       0x34 C:/ST/STM32CubeIDE_1.18.1/STM32CubeIDE/plugins/com.st.stm32cube.ide.mcu.externaltools.gnu-tools-for-stm32.13.3.rel1.win32_1.0.0.202411081344/tools/bin/../lib/gcc/arm-none-eabi/13.3.1/../../../../arm-none-eabi/lib/thumb/v7e-m+fp/hard\libc_nano.a(libc_a-init.o)
 .ARM.attributes
                0x0000068f       0x22 C:/ST/STM32CubeIDE_1.18.1/STM32CubeIDE/plugins/com.st.stm32cube.ide.mcu.externaltools.gnu-tools-for-stm32.13.3.rel1.win32_1.0.0.202411081344/tools/bin/../lib/gcc/arm-none-eabi/13.3.1/thumb/v7e-m+fp/hard\libgcc.a(_aeabi_uldivmod.o)
 .ARM.attributes
                0x000006b1       0x34 C:/ST/STM32CubeIDE_1.18.1/STM32CubeIDE/plugins/com.st.stm32cube.ide.mcu.externaltools.gnu-tools-for-stm32.13.3.rel1.win32_1.0.0.202411081344/tools/bin/../lib/gcc/arm-none-eabi/13.3.1/thumb/v7e-m+fp/hard\libgcc.a(_udivmoddi4.o)
 .ARM.attributes
                0x000006e5       0x22 C:/ST/STM32CubeIDE_1.18.1/STM32CubeIDE/plugins/com.st.stm32cube.ide.mcu.externaltools.gnu-tools-for-stm32.13.3.rel1.win32_1.0.0.202411081344/tools/bin/../lib/gcc/arm-none-eabi/13.3.1/thumb/v7e-m+fp/hard\libgcc.a(_dvmd_tls.o)
 .ARM.attributes
                0x00000707       0x22 C:/ST/STM32CubeIDE_1.18.1/STM32CubeIDE/plugins/com.st.stm32cube.ide.mcu.externaltools.gnu-tools-for-stm32.13.3.rel1.win32_1.0.0.202411081344/tools/bin/../lib/gcc/arm-none-eabi/13.3.1/thumb/v7e-m+fp/hard/crtn.o
OUTPUT(testingADCv2.elf elf32-littlearm)
LOAD linker stubs
LOAD C:/ST/STM32CubeIDE_1.18.1/STM32CubeIDE/plugins/com.st.stm32cube.ide.mcu.externaltools.gnu-tools-for-stm32.13.3.rel1.win32_1.0.0.202411081344/tools/bin/../lib/gcc/arm-none-eabi/13.3.1/../../../../arm-none-eabi/lib/thumb/v7e-m+fp/hard\libc.a
LOAD C:/ST/STM32CubeIDE_1.18.1/STM32CubeIDE/plugins/com.st.stm32cube.ide.mcu.externaltools.gnu-tools-for-stm32.13.3.rel1.win32_1.0.0.202411081344/tools/bin/../lib/gcc/arm-none-eabi/13.3.1/../../../../arm-none-eabi/lib/thumb/v7e-m+fp/hard\libm.a
LOAD C:/ST/STM32CubeIDE_1.18.1/STM32CubeIDE/plugins/com.st.stm32cube.ide.mcu.externaltools.gnu-tools-for-stm32.13.3.rel1.win32_1.0.0.202411081344/tools/bin/../lib/gcc/arm-none-eabi/13.3.1/thumb/v7e-m+fp/hard\libgcc.a

.debug_info     0x00000000    0x1a613
 .debug_info    0x00000000     0x25d9 ./Core/Src/main.o
 .debug_info    0x000025d9      0x1aa ./Core/Src/motores.o
 .debug_info    0x00002783      0x514 ./Core/Src/mpu6050.o
 .debug_info    0x00002c97      0xb56 ./Core/Src/ssd1306_oled.o
 .debug_info    0x000037ed     0x131c ./Core/Src/stm32f4xx_hal_msp.o
 .debug_info    0x00004b09     0x11f6 ./Core/Src/stm32f4xx_it.o
 .debug_info    0x00005cff      0x53e ./Core/Src/system_stm32f4xx.o
 .debug_info    0x0000623d       0x30 ./Core/Startup/startup_stm32f411ceux.o
 .debug_info    0x0000626d      0x8c4 ./Drivers/STM32F4xx_HAL_Driver/Src/stm32f4xx_hal.o
 .debug_info    0x00006b31      0xce0 ./Drivers/STM32F4xx_HAL_Driver/Src/stm32f4xx_hal_adc.o
 .debug_info    0x00007811      0xb65 ./Drivers/STM32F4xx_HAL_Driver/Src/stm32f4xx_hal_adc_ex.o
 .debug_info    0x00008376      0xcfc ./Drivers/STM32F4xx_HAL_Driver/Src/stm32f4xx_hal_cortex.o
 .debug_info    0x00009072      0x8e6 ./Drivers/STM32F4xx_HAL_Driver/Src/stm32f4xx_hal_dma.o
 .debug_info    0x00009958      0x6f9 ./Drivers/STM32F4xx_HAL_Driver/Src/stm32f4xx_hal_gpio.o
 .debug_info    0x0000a051     0x2426 ./Drivers/STM32F4xx_HAL_Driver/Src/stm32f4xx_hal_i2c.o
 .debug_info    0x0000c477     0x1577 ./Drivers/STM32F4xx_HAL_Driver/Src/stm32f4xx_hal_pcd.o
 .debug_info    0x0000d9ee      0x6ea ./Drivers/STM32F4xx_HAL_Driver/Src/stm32f4xx_hal_pcd_ex.o
 .debug_info    0x0000e0d8      0x904 ./Drivers/STM32F4xx_HAL_Driver/Src/stm32f4xx_hal_rcc.o
 .debug_info    0x0000e9dc     0x2996 ./Drivers/STM32F4xx_HAL_Driver/Src/stm32f4xx_hal_tim.o
 .debug_info    0x00011372     0x14d4 ./Drivers/STM32F4xx_HAL_Driver/Src/stm32f4xx_hal_tim_ex.o
 .debug_info    0x00012846     0x1993 ./Drivers/STM32F4xx_HAL_Driver/Src/stm32f4xx_ll_usb.o
 .debug_info    0x000141d9     0x12b1 ./Middlewares/ST/STM32_USB_Device_Library/Class/CDC/Src/usbd_cdc.o
 .debug_info    0x0001548a      0xe12 ./Middlewares/ST/STM32_USB_Device_Library/Core/Src/usbd_core.o
 .debug_info    0x0001629c      0xaeb ./Middlewares/ST/STM32_USB_Device_Library/Core/Src/usbd_ctlreq.o
 .debug_info    0x00016d87      0x762 ./Middlewares/ST/STM32_USB_Device_Library/Core/Src/usbd_ioreq.o
 .debug_info    0x000174e9      0x70e ./USB_DEVICE/App/usb_device.o
 .debug_info    0x00017bf7      0x9b1 ./USB_DEVICE/App/usbd_cdc_if.o
 .debug_info    0x000185a8      0x458 ./USB_DEVICE/App/usbd_desc.o
 .debug_info    0x00018a00     0x1c13 ./USB_DEVICE/Target/usbd_conf.o

.debug_abbrev   0x00000000     0x4104
 .debug_abbrev  0x00000000      0x44b ./Core/Src/main.o
 .debug_abbrev  0x0000044b       0xc7 ./Core/Src/motores.o
 .debug_abbrev  0x00000512      0x14d ./Core/Src/mpu6050.o
 .debug_abbrev  0x0000065f      0x29a ./Core/Src/ssd1306_oled.o
 .debug_abbrev  0x000008f9      0x258 ./Core/Src/stm32f4xx_hal_msp.o
 .debug_abbrev  0x00000b51      0x21c ./Core/Src/stm32f4xx_it.o
 .debug_abbrev  0x00000d6d      0x11a ./Core/Src/system_stm32f4xx.o
 .debug_abbrev  0x00000e87       0x24 ./Core/Startup/startup_stm32f411ceux.o
 .debug_abbrev  0x00000eab      0x24b ./Drivers/STM32F4xx_HAL_Driver/Src/stm32f4xx_hal.o
 .debug_abbrev  0x000010f6      0x20e ./Drivers/STM32F4xx_HAL_Driver/Src/stm32f4xx_hal_adc.o
 .debug_abbrev  0x00001304      0x22c ./Drivers/STM32F4xx_HAL_Driver/Src/stm32f4xx_hal_adc_ex.o
 .debug_abbrev  0x00001530      0x31d ./Drivers/STM32F4xx_HAL_Driver/Src/stm32f4xx_hal_cortex.o
 .debug_abbrev  0x0000184d      0x221 ./Drivers/STM32F4xx_HAL_Driver/Src/stm32f4xx_hal_dma.o
 .debug_abbrev  0x00001a6e      0x1d3 ./Drivers/STM32F4xx_HAL_Driver/Src/stm32f4xx_hal_gpio.o
 .debug_abbrev  0x00001c41      0x2bc ./Drivers/STM32F4xx_HAL_Driver/Src/stm32f4xx_hal_i2c.o
 .debug_abbrev  0x00001efd      0x2b6 ./Drivers/STM32F4xx_HAL_Driver/Src/stm32f4xx_hal_pcd.o
 .debug_abbrev  0x000021b3      0x1da ./Drivers/STM32F4xx_HAL_Driver/Src/stm32f4xx_hal_pcd_ex.o
 .debug_abbrev  0x0000238d      0x2b6 ./Drivers/STM32F4xx_HAL_Driver/Src/stm32f4xx_hal_rcc.o
 .debug_abbrev  0x00002643      0x28b ./Drivers/STM32F4xx_HAL_Driver/Src/stm32f4xx_hal_tim.o
 .debug_abbrev  0x000028ce      0x296 ./Drivers/STM32F4xx_HAL_Driver/Src/stm32f4xx_hal_tim_ex.o
 .debug_abbrev  0x00002b64      0x2b3 ./Drivers/STM32F4xx_HAL_Driver/Src/stm32f4xx_ll_usb.o
 .debug_abbrev  0x00002e17      0x2d2 ./Middlewares/ST/STM32_USB_Device_Library/Class/CDC/Src/usbd_cdc.o
 .debug_abbrev  0x000030e9      0x27c ./Middlewares/ST/STM32_USB_Device_Library/Core/Src/usbd_core.o
 .debug_abbrev  0x00003365      0x26f ./Middlewares/ST/STM32_USB_Device_Library/Core/Src/usbd_ctlreq.o
 .debug_abbrev  0x000035d4      0x19a ./Middlewares/ST/STM32_USB_Device_Library/Core/Src/usbd_ioreq.o
 .debug_abbrev  0x0000376e      0x195 ./USB_DEVICE/App/usb_device.o
 .debug_abbrev  0x00003903      0x2e1 ./USB_DEVICE/App/usbd_cdc_if.o
 .debug_abbrev  0x00003be4      0x1e1 ./USB_DEVICE/App/usbd_desc.o
 .debug_abbrev  0x00003dc5      0x33f ./USB_DEVICE/Target/usbd_conf.o

.debug_aranges  0x00000000     0x17f0
 .debug_aranges
                0x00000000       0xf0 ./Core/Src/main.o
 .debug_aranges
                0x000000f0       0x28 ./Core/Src/motores.o
 .debug_aranges
                0x00000118       0x48 ./Core/Src/mpu6050.o
 .debug_aranges
                0x00000160      0x100 ./Core/Src/ssd1306_oled.o
 .debug_aranges
                0x00000260       0x58 ./Core/Src/stm32f4xx_hal_msp.o
 .debug_aranges
                0x000002b8       0xb8 ./Core/Src/stm32f4xx_it.o
 .debug_aranges
                0x00000370       0x28 ./Core/Src/system_stm32f4xx.o
 .debug_aranges
                0x00000398       0x28 ./Core/Startup/startup_stm32f411ceux.o
 .debug_aranges
                0x000003c0       0xf0 ./Drivers/STM32F4xx_HAL_Driver/Src/stm32f4xx_hal.o
 .debug_aranges
                0x000004b0       0xe8 ./Drivers/STM32F4xx_HAL_Driver/Src/stm32f4xx_hal_adc.o
 .debug_aranges
                0x00000598       0x90 ./Drivers/STM32F4xx_HAL_Driver/Src/stm32f4xx_hal_adc_ex.o
 .debug_aranges
                0x00000628      0x130 ./Drivers/STM32F4xx_HAL_Driver/Src/stm32f4xx_hal_cortex.o
 .debug_aranges
                0x00000758       0x90 ./Drivers/STM32F4xx_HAL_Driver/Src/stm32f4xx_hal_dma.o
 .debug_aranges
                0x000007e8       0x58 ./Drivers/STM32F4xx_HAL_Driver/Src/stm32f4xx_hal_gpio.o
 .debug_aranges
                0x00000840      0x2a8 ./Drivers/STM32F4xx_HAL_Driver/Src/stm32f4xx_hal_i2c.o
 .debug_aranges
                0x00000ae8      0x148 ./Drivers/STM32F4xx_HAL_Driver/Src/stm32f4xx_hal_pcd.o
 .debug_aranges
                0x00000c30       0x38 ./Drivers/STM32F4xx_HAL_Driver/Src/stm32f4xx_hal_pcd_ex.o
 .debug_aranges
                0x00000c68       0x88 ./Drivers/STM32F4xx_HAL_Driver/Src/stm32f4xx_hal_rcc.o
 .debug_aranges
                0x00000cf0      0x3d0 ./Drivers/STM32F4xx_HAL_Driver/Src/stm32f4xx_hal_tim.o
 .debug_aranges
                0x000010c0      0x168 ./Drivers/STM32F4xx_HAL_Driver/Src/stm32f4xx_hal_tim_ex.o
 .debug_aranges
                0x00001228      0x1a0 ./Drivers/STM32F4xx_HAL_Driver/Src/stm32f4xx_ll_usb.o
 .debug_aranges
                0x000013c8       0x90 ./Middlewares/ST/STM32_USB_Device_Library/Class/CDC/Src/usbd_cdc.o
 .debug_aranges
                0x00001458       0xd8 ./Middlewares/ST/STM32_USB_Device_Library/Core/Src/usbd_core.o
 .debug_aranges
                0x00001530       0x90 ./Middlewares/ST/STM32_USB_Device_Library/Core/Src/usbd_ctlreq.o
 .debug_aranges
                0x000015c0       0x50 ./Middlewares/ST/STM32_USB_Device_Library/Core/Src/usbd_ioreq.o
 .debug_aranges
                0x00001610       0x20 ./USB_DEVICE/App/usb_device.o
 .debug_aranges
                0x00001630       0x50 ./USB_DEVICE/App/usbd_cdc_if.o
 .debug_aranges
                0x00001680       0x60 ./USB_DEVICE/App/usbd_desc.o
 .debug_aranges
                0x000016e0      0x110 ./USB_DEVICE/Target/usbd_conf.o

.debug_rnglists
                0x00000000     0x127d
 .debug_rnglists
                0x00000000       0xbb ./Core/Src/main.o
 .debug_rnglists
                0x000000bb       0x1a ./Core/Src/motores.o
 .debug_rnglists
                0x000000d5       0x33 ./Core/Src/mpu6050.o
 .debug_rnglists
                0x00000108       0xc8 ./Core/Src/ssd1306_oled.o
 .debug_rnglists
                0x000001d0       0x40 ./Core/Src/stm32f4xx_hal_msp.o
 .debug_rnglists
                0x00000210       0x85 ./Core/Src/stm32f4xx_it.o
 .debug_rnglists
                0x00000295       0x1a ./Core/Src/system_stm32f4xx.o
 .debug_rnglists
                0x000002af       0x19 ./Core/Startup/startup_stm32f411ceux.o
 .debug_rnglists
                0x000002c8       0xaf ./Drivers/STM32F4xx_HAL_Driver/Src/stm32f4xx_hal.o
 .debug_rnglists
                0x00000377       0xb5 ./Drivers/STM32F4xx_HAL_Driver/Src/stm32f4xx_hal_adc.o
 .debug_rnglists
                0x0000042c       0x71 ./Drivers/STM32F4xx_HAL_Driver/Src/stm32f4xx_hal_adc_ex.o
 .debug_rnglists
                0x0000049d       0xe0 ./Drivers/STM32F4xx_HAL_Driver/Src/stm32f4xx_hal_cortex.o
 .debug_rnglists
                0x0000057d       0x70 ./Drivers/STM32F4xx_HAL_Driver/Src/stm32f4xx_hal_dma.o
 .debug_rnglists
                0x000005ed       0x3f ./Drivers/STM32F4xx_HAL_Driver/Src/stm32f4xx_hal_gpio.o
 .debug_rnglists