../Core/Src/main.c:131:6:HAL_TIM_PeriodElapsedCallback	16	static
../Core/Src/main.c:145:6:HAL_I2C_MemTxCpltCallback	16	static
../Core/Src/main.c:150:6:HAL_I2C_MemRxCpltCallback	16	static
../Core/Src/main.c:162:6:Engines_task	8	static
../Core/Src/main.c:215:6:HAL_ADC_ConvCpltCallback	16	static
../Core/Src/main.c:225:6:USBRxData	16	static
../Core/Src/main.c:232:6:decodeHeader	24	static
../Core/Src/main.c:304:6:decodeCommand	16	static
../Core/Src/main.c:370:9:putHeaderOnTx	16	static
../Core/Src/main.c:391:9:putByteOnTx	16	static
../Core/Src/main.c:398:6:SSD1306_Task	24	static
../Core/Src/main.c:421:5:main	8	static
../Core/Src/main.c:521:6:SystemClock_Config	88	static
../Core/Src/main.c:567:13:MX_ADC1_Init	24	static
../Core/Src/main.c:682:13:MX_I2C1_Init	8	static
../Core/Src/main.c:716:13:MX_TIM3_Init	64	static
../Core/Src/main.c:779:13:MX_TIM10_Init	8	static
../Core/Src/main.c:810:13:MX_TIM11_Init	8	static
../Core/Src/main.c:839:13:MX_DMA_Init	16	static
../Core/Src/main.c:864:13:MX_GPIO_Init	48	static
../Core/Src/main.c:913:6:serialTask	16	static
../Core/Src/main.c:933:9:I2C_DMA_Transmit	32	static
../Core/Src/main.c:938:9:I2C_1_Abstract_Master_Transmit_Blocking	32	static
../Core/Src/main.c:941:9:I2C_RBlocking	40	static
../Core/Src/main.c:947:9:I2C_DMA_Recive	32	static
../Core/Src/main.c:951:9:I2C_1_Abstract_Mem_Write_Blocking	32	static
../Core/Src/main.c:960:6:Error_Handler	4	static,ignoring_inline_asm
